Archive member included to satisfy reference by file (symbol)

/Applications/STM32CubeIDE.app/Contents/Eclipse/plugins/com.st.stm32cube.ide.mcu.externaltools.gnu-tools-for-stm32.10.3-2021.10.macos64_1.0.0.202111181127/tools/bin/../lib/gcc/arm-none-eabi/10.3.1/../../../../arm-none-eabi/lib/thumb/v7-m/nofp/libc_nano.a(lib_a-errno.o)
                              ./Core/Src/syscalls.o (__errno)
/Applications/STM32CubeIDE.app/Contents/Eclipse/plugins/com.st.stm32cube.ide.mcu.externaltools.gnu-tools-for-stm32.10.3-2021.10.macos64_1.0.0.202111181127/tools/bin/../lib/gcc/arm-none-eabi/10.3.1/../../../../arm-none-eabi/lib/thumb/v7-m/nofp/libc_nano.a(lib_a-exit.o)
                              /Applications/STM32CubeIDE.app/Contents/Eclipse/plugins/com.st.stm32cube.ide.mcu.externaltools.gnu-tools-for-stm32.10.3-2021.10.macos64_1.0.0.202111181127/tools/bin/../lib/gcc/arm-none-eabi/10.3.1/../../../../arm-none-eabi/lib/thumb/v7-m/nofp/crt0.o (exit)
/Applications/STM32CubeIDE.app/Contents/Eclipse/plugins/com.st.stm32cube.ide.mcu.externaltools.gnu-tools-for-stm32.10.3-2021.10.macos64_1.0.0.202111181127/tools/bin/../lib/gcc/arm-none-eabi/10.3.1/../../../../arm-none-eabi/lib/thumb/v7-m/nofp/libc_nano.a(lib_a-impure.o)
                              /Applications/STM32CubeIDE.app/Contents/Eclipse/plugins/com.st.stm32cube.ide.mcu.externaltools.gnu-tools-for-stm32.10.3-2021.10.macos64_1.0.0.202111181127/tools/bin/../lib/gcc/arm-none-eabi/10.3.1/../../../../arm-none-eabi/lib/thumb/v7-m/nofp/libc_nano.a(lib_a-exit.o) (_global_impure_ptr)
/Applications/STM32CubeIDE.app/Contents/Eclipse/plugins/com.st.stm32cube.ide.mcu.externaltools.gnu-tools-for-stm32.10.3-2021.10.macos64_1.0.0.202111181127/tools/bin/../lib/gcc/arm-none-eabi/10.3.1/../../../../arm-none-eabi/lib/thumb/v7-m/nofp/libc_nano.a(lib_a-init.o)
                              /Applications/STM32CubeIDE.app/Contents/Eclipse/plugins/com.st.stm32cube.ide.mcu.externaltools.gnu-tools-for-stm32.10.3-2021.10.macos64_1.0.0.202111181127/tools/bin/../lib/gcc/arm-none-eabi/10.3.1/../../../../arm-none-eabi/lib/thumb/v7-m/nofp/crt0.o (__libc_init_array)
/Applications/STM32CubeIDE.app/Contents/Eclipse/plugins/com.st.stm32cube.ide.mcu.externaltools.gnu-tools-for-stm32.10.3-2021.10.macos64_1.0.0.202111181127/tools/bin/../lib/gcc/arm-none-eabi/10.3.1/../../../../arm-none-eabi/lib/thumb/v7-m/nofp/libc_nano.a(lib_a-memset.o)
                              /Applications/STM32CubeIDE.app/Contents/Eclipse/plugins/com.st.stm32cube.ide.mcu.externaltools.gnu-tools-for-stm32.10.3-2021.10.macos64_1.0.0.202111181127/tools/bin/../lib/gcc/arm-none-eabi/10.3.1/../../../../arm-none-eabi/lib/thumb/v7-m/nofp/crt0.o (memset)

Discarded input sections

 .text          0x0000000000000000        0x0 /Applications/STM32CubeIDE.app/Contents/Eclipse/plugins/com.st.stm32cube.ide.mcu.externaltools.gnu-tools-for-stm32.10.3-2021.10.macos64_1.0.0.202111181127/tools/bin/../lib/gcc/arm-none-eabi/10.3.1/thumb/v7-m/nofp/crti.o
 .data          0x0000000000000000        0x0 /Applications/STM32CubeIDE.app/Contents/Eclipse/plugins/com.st.stm32cube.ide.mcu.externaltools.gnu-tools-for-stm32.10.3-2021.10.macos64_1.0.0.202111181127/tools/bin/../lib/gcc/arm-none-eabi/10.3.1/thumb/v7-m/nofp/crti.o
 .bss           0x0000000000000000        0x0 /Applications/STM32CubeIDE.app/Contents/Eclipse/plugins/com.st.stm32cube.ide.mcu.externaltools.gnu-tools-for-stm32.10.3-2021.10.macos64_1.0.0.202111181127/tools/bin/../lib/gcc/arm-none-eabi/10.3.1/thumb/v7-m/nofp/crti.o
 .data          0x0000000000000000        0x4 /Applications/STM32CubeIDE.app/Contents/Eclipse/plugins/com.st.stm32cube.ide.mcu.externaltools.gnu-tools-for-stm32.10.3-2021.10.macos64_1.0.0.202111181127/tools/bin/../lib/gcc/arm-none-eabi/10.3.1/thumb/v7-m/nofp/crtbegin.o
 .rodata        0x0000000000000000       0x24 /Applications/STM32CubeIDE.app/Contents/Eclipse/plugins/com.st.stm32cube.ide.mcu.externaltools.gnu-tools-for-stm32.10.3-2021.10.macos64_1.0.0.202111181127/tools/bin/../lib/gcc/arm-none-eabi/10.3.1/thumb/v7-m/nofp/crtbegin.o
 .text          0x0000000000000000       0x7c /Applications/STM32CubeIDE.app/Contents/Eclipse/plugins/com.st.stm32cube.ide.mcu.externaltools.gnu-tools-for-stm32.10.3-2021.10.macos64_1.0.0.202111181127/tools/bin/../lib/gcc/arm-none-eabi/10.3.1/../../../../arm-none-eabi/lib/thumb/v7-m/nofp/crt0.o
 .data          0x0000000000000000        0x0 /Applications/STM32CubeIDE.app/Contents/Eclipse/plugins/com.st.stm32cube.ide.mcu.externaltools.gnu-tools-for-stm32.10.3-2021.10.macos64_1.0.0.202111181127/tools/bin/../lib/gcc/arm-none-eabi/10.3.1/../../../../arm-none-eabi/lib/thumb/v7-m/nofp/crt0.o
 .bss           0x0000000000000000        0x0 /Applications/STM32CubeIDE.app/Contents/Eclipse/plugins/com.st.stm32cube.ide.mcu.externaltools.gnu-tools-for-stm32.10.3-2021.10.macos64_1.0.0.202111181127/tools/bin/../lib/gcc/arm-none-eabi/10.3.1/../../../../arm-none-eabi/lib/thumb/v7-m/nofp/crt0.o
[...]
Memory Configuration

Name             Origin             Length             Attributes
RAM              0x0000000020000000 0x0000000000005000 xrw
FLASH            0x0000000008000000 0x0000000000010000 xr
*default*        0x0000000000000000 0xffffffffffffffff

Linker script and memory map

LOAD /Applications/STM32CubeIDE.app/Contents/Eclipse/plugins/com.st.stm32cube.ide.mcu.externaltools.gnu-tools-for-stm32.10.3-2021.10.macos64_1.0.0.202111181127/tools/bin/../lib/gcc/arm-none-eabi/10.3.1/thumb/v7-m/nofp/crti.o
LOAD /Applications/STM32CubeIDE.app/Contents/Eclipse/plugins/com.st.stm32cube.ide.mcu.externaltools.gnu-tools-for-stm32.10.3-2021.10.macos64_1.0.0.202111181127/tools/bin/../lib/gcc/arm-none-eabi/10.3.1/thumb/v7-m/nofp/crtbegin.o
LOAD /Applications/STM32CubeIDE.app/Contents/Eclipse/plugins/com.st.stm32cube.ide.mcu.externaltools.gnu-tools-for-stm32.10.3-2021.10.macos64_1.0.0.202111181127/tools/bin/../lib/gcc/arm-none-eabi/10.3.1/../../../../arm-none-eabi/lib/thumb/v7-m/nofp/crt0.o
LOAD ./Core/Src/main.o
LOAD ./Core/Src/stm32f1xx_hal_msp.o
LOAD ./Core/Src/stm32f1xx_it.o
LOAD ./Core/Src/syscalls.o
LOAD ./Core/Src/sysmem.o
LOAD ./Core/Src/system_stm32f1xx.o
LOAD ./Core/Startup/startup_stm32f103c8tx.o
LOAD ./Drivers/MHC/Potentiometer.o
LOAD ./Drivers/MHC/RotaryEncoder.o
LOAD ./Drivers/STM32F1xx_HAL_Driver/Src/stm32f1xx_hal.o
LOAD ./Drivers/STM32F1xx_HAL_Driver/Src/stm32f1xx_hal_adc.o
LOAD ./Drivers/STM32F1xx_HAL_Driver/Src/stm32f1xx_hal_adc_ex.o
LOAD ./Drivers/STM32F1xx_HAL_Driver/Src/stm32f1xx_hal_cortex.o
LOAD ./Drivers/STM32F1xx_HAL_Driver/Src/stm32f1xx_hal_dma.o
LOAD ./Drivers/STM32F1xx_HAL_Driver/Src/stm32f1xx_hal_exti.o
LOAD ./Drivers/STM32F1xx_HAL_Driver/Src/stm32f1xx_hal_flash.o
LOAD ./Drivers/STM32F1xx_HAL_Driver/Src/stm32f1xx_hal_flash_ex.o
LOAD ./Drivers/STM32F1xx_HAL_Driver/Src/stm32f1xx_hal_gpio.o
LOAD ./Drivers/STM32F1xx_HAL_Driver/Src/stm32f1xx_hal_gpio_ex.o
LOAD ./Drivers/STM32F1xx_HAL_Driver/Src/stm32f1xx_hal_i2c.o
LOAD ./Drivers/STM32F1xx_HAL_Driver/Src/stm32f1xx_hal_pcd.o
LOAD ./Drivers/STM32F1xx_HAL_Driver/Src/stm32f1xx_hal_pcd_ex.o
LOAD ./Drivers/STM32F1xx_HAL_Driver/Src/stm32f1xx_hal_pwr.o
LOAD ./Drivers/STM32F1xx_HAL_Driver/Src/stm32f1xx_hal_rcc.o
LOAD ./Drivers/STM32F1xx_HAL_Driver/Src/stm32f1xx_hal_rcc_ex.o
LOAD ./Drivers/STM32F1xx_HAL_Driver/Src/stm32f1xx_hal_tim.o
LOAD ./Drivers/STM32F1xx_HAL_Driver/Src/stm32f1xx_hal_tim_ex.o
LOAD ./Drivers/STM32F1xx_HAL_Driver/Src/stm32f1xx_hal_uart.o
LOAD ./Drivers/STM32F1xx_HAL_Driver/Src/stm32f1xx_ll_usb.o
LOAD ./Middlewares/ST/STM32_USB_Device_Library/Class/HID/Src/usbd_hid.o
LOAD ./Middlewares/ST/STM32_USB_Device_Library/Class/MIDI/Src/usbd_midi.o
LOAD ./Middlewares/ST/STM32_USB_Device_Library/Core/Src/usbd_core.o
LOAD ./Middlewares/ST/STM32_USB_Device_Library/Core/Src/usbd_ctlreq.o
LOAD ./Middlewares/ST/STM32_USB_Device_Library/Core/Src/usbd_ioreq.o
LOAD ./USB_DEVICE/App/usb_device.o
LOAD ./USB_DEVICE/App/usbd_desc.o
LOAD ./USB_DEVICE/Target/usbd_conf.o
START GROUP
LOAD /Applications/STM32CubeIDE.app/Contents/Eclipse/plugins/com.st.stm32cube.ide.mcu.externaltools.gnu-tools-for-stm32.10.3-2021.10.macos64_1.0.0.202111181127/tools/bin/../lib/gcc/arm-none-eabi/10.3.1/../../../../arm-none-eabi/lib/thumb/v7-m/nofp/libstdc++_nano.a
LOAD /Applications/STM32CubeIDE.app/Contents/Eclipse/plugins/com.st.stm32cube.ide.mcu.externaltools.gnu-tools-for-stm32.10.3-2021.10.macos64_1.0.0.202111181127/tools/bin/../lib/gcc/arm-none-eabi/10.3.1/../../../../arm-none-eabi/lib/thumb/v7-m/nofp/libsupc++_nano.a
END GROUP
LOAD /Applications/STM32CubeIDE.app/Contents/Eclipse/plugins/com.st.stm32cube.ide.mcu.externaltools.gnu-tools-for-stm32.10.3-2021.10.macos64_1.0.0.202111181127/tools/bin/../lib/gcc/arm-none-eabi/10.3.1/../../../../arm-none-eabi/lib/thumb/v7-m/nofp/libstdc++_nano.a
LOAD /Applications/STM32CubeIDE.app/Contents/Eclipse/plugins/com.st.stm32cube.ide.mcu.externaltools.gnu-tools-for-stm32.10.3-2021.10.macos64_1.0.0.202111181127/tools/bin/../lib/gcc/arm-none-eabi/10.3.1/../../../../arm-none-eabi/lib/thumb/v7-m/nofp/libm.a
LOAD /Applications/STM32CubeIDE.app/Contents/Eclipse/plugins/com.st.stm32cube.ide.mcu.externaltools.gnu-tools-for-stm32.10.3-2021.10.macos64_1.0.0.202111181127/tools/bin/../lib/gcc/arm-none-eabi/10.3.1/../../../../arm-none-eabi/lib/thumb/v7-m/nofp/libc_nano.a
START GROUP
LOAD /Applications/STM32CubeIDE.app/Contents/Eclipse/plugins/com.st.stm32cube.ide.mcu.externaltools.gnu-tools-for-stm32.10.3-2021.10.macos64_1.0.0.202111181127/tools/bin/../lib/gcc/arm-none-eabi/10.3.1/thumb/v7-m/nofp/libgcc.a
LOAD /Applications/STM32CubeIDE.app/Contents/Eclipse/plugins/com.st.stm32cube.ide.mcu.externaltools.gnu-tools-for-stm32.10.3-2021.10.macos64_1.0.0.202111181127/tools/bin/../lib/gcc/arm-none-eabi/10.3.1/../../../../arm-none-eabi/lib/thumb/v7-m/nofp/libc_nano.a
END GROUP
START GROUP
LOAD /Applications/STM32CubeIDE.app/Contents/Eclipse/plugins/com.st.stm32cube.ide.mcu.externaltools.gnu-tools-for-stm32.10.3-2021.10.macos64_1.0.0.202111181127/tools/bin/../lib/gcc/arm-none-eabi/10.3.1/thumb/v7-m/nofp/libgcc.a
LOAD /Applications/STM32CubeIDE.app/Contents/Eclipse/plugins/com.st.stm32cube.ide.mcu.externaltools.gnu-tools-for-stm32.10.3-2021.10.macos64_1.0.0.202111181127/tools/bin/../lib/gcc/arm-none-eabi/10.3.1/../../../../arm-none-eabi/lib/thumb/v7-m/nofp/libc_nano.a
LOAD /Applications/STM32CubeIDE.app/Contents/Eclipse/plugins/com.st.stm32cube.ide.mcu.externaltools.gnu-tools-for-stm32.10.3-2021.10.macos64_1.0.0.202111181127/tools/bin/../lib/gcc/arm-none-eabi/10.3.1/../../../../arm-none-eabi/lib/thumb/v7-m/nofp/libnosys.a
END GROUP
START GROUP
LOAD /Applications/STM32CubeIDE.app/Contents/Eclipse/plugins/com.st.stm32cube.ide.mcu.externaltools.gnu-tools-for-stm32.10.3-2021.10.macos64_1.0.0.202111181127/tools/bin/../lib/gcc/arm-none-eabi/10.3.1/thumb/v7-m/nofp/libgcc.a
LOAD /Applications/STM32CubeIDE.app/Contents/Eclipse/plugins/com.st.stm32cube.ide.mcu.externaltools.gnu-tools-for-stm32.10.3-2021.10.macos64_1.0.0.202111181127/tools/bin/../lib/gcc/arm-none-eabi/10.3.1/../../../../arm-none-eabi/lib/thumb/v7-m/nofp/libc_nano.a
LOAD /Applications/STM32CubeIDE.app/Contents/Eclipse/plugins/com.st.stm32cube.ide.mcu.externaltools.gnu-tools-for-stm32.10.3-2021.10.macos64_1.0.0.202111181127/tools/bin/../lib/gcc/arm-none-eabi/10.3.1/../../../../arm-none-eabi/lib/thumb/v7-m/nofp/libnosys.a
END GROUP
LOAD /Applications/STM32CubeIDE.app/Contents/Eclipse/plugins/com.st.stm32cube.ide.mcu.externaltools.gnu-tools-for-stm32.10.3-2021.10.macos64_1.0.0.202111181127/tools/bin/../lib/gcc/arm-none-eabi/10.3.1/thumb/v7-m/nofp/crtend.o
LOAD /Applications/STM32CubeIDE.app/Contents/Eclipse/plugins/com.st.stm32cube.ide.mcu.externaltools.gnu-tools-for-stm32.10.3-2021.10.macos64_1.0.0.202111181127/tools/bin/../lib/gcc/arm-none-eabi/10.3.1/thumb/v7-m/nofp/crtn.o
                0x0000000020005000                _estack = (ORIGIN (RAM) + LENGTH (RAM))
                0x0000000000000200                _Min_Heap_Size = 0x200
                0x0000000000000400                _Min_Stack_Size = 0x400

.isr_vector     0x0000000008000000      0x10c
                0x0000000008000000                . = ALIGN (0x4)
 *(.isr_vector)
 .isr_vector    0x0000000008000000      0x10c ./Core/Startup/startup_stm32f103c8tx.o
                0x0000000008000000                g_pfnVectors
                0x000000000800010c                . = ALIGN (0x4)

.text           0x000000000800010c     0x8144
                0x000000000800010c                . = ALIGN (0x4)
 *(.text)
 .text          0x000000000800010c       0x40 /Applications/STM32CubeIDE.app/Contents/Eclipse/plugins/com.st.stm32cube.ide.mcu.externaltools.gnu-tools-for-stm32.10.3-2021.10.macos64_1.0.0.202111181127/tools/bin/../lib/gcc/arm-none-eabi/10.3.1/thumb/v7-m/nofp/crtbegin.o
 *(.text*)
 .text.main     0x000000000800014c       0x60 ./Core/Src/main.o
                0x000000000800014c                main
 .text._Z18SystemClock_Configv
                0x00000000080001ac       0xd8 ./Core/Src/main.o
                0x00000000080001ac                SystemClock_Config()
 .text._ZL12MX_ADC1_Initv
                0x0000000008000284       0x90 ./Core/Src/main.o
 .text._ZL12MX_I2C2_Initv
                0x0000000008000314       0x68 ./Core/Src/main.o
 .text._ZL19MX_USART1_UART_Initv
                0x000000000800037c       0x5c ./Core/Src/main.o
 .text._ZL12MX_GPIO_Initv
                0x00000000080003d8       0xa0 ./Core/Src/main.o
 .text.Error_Handler
                0x0000000008000478        0xa ./Core/Src/main.o
                0x0000000008000478                Error_Handler
 *fill*         0x0000000008000482        0x2 
 .text._Z41__static_initialization_and_destruction_0ii
                0x0000000008000484       0x5c ./Core/Src/main.o
 .text._GLOBAL__sub_I_hadc1
                0x00000000080004e0       0x10 ./Core/Src/main.o
 .text.HAL_MspInit
                0x00000000080004f0       0x64 ./Core/Src/stm32f1xx_hal_msp.o
                0x00000000080004f0                HAL_MspInit
 .text.HAL_ADC_MspInit
                0x0000000008000554       0x78 ./Core/Src/stm32f1xx_hal_msp.o
                0x0000000008000554                HAL_ADC_MspInit
 .text.HAL_I2C_MspInit
                0x00000000080005cc       0x80 ./Core/Src/stm32f1xx_hal_msp.o
                0x00000000080005cc                HAL_I2C_MspInit
 .text.HAL_UART_MspInit
                0x000000000800064c       0xb4 ./Core/Src/stm32f1xx_hal_msp.o
                0x000000000800064c                HAL_UART_MspInit
 .text.NMI_Handler
                0x0000000008000700        0x6 ./Core/Src/stm32f1xx_it.o
                0x0000000008000700                NMI_Handler
 .text.HardFault_Handler
                0x0000000008000706        0x6 ./Core/Src/stm32f1xx_it.o
                0x0000000008000706                HardFault_Handler
 .text.MemManage_Handler
                0x000000000800070c        0x6 ./Core/Src/stm32f1xx_it.o
                0x000000000800070c                MemManage_Handler
 .text.BusFault_Handler
                0x0000000008000712        0x6 ./Core/Src/stm32f1xx_it.o
                0x0000000008000712                BusFault_Handler
 .text.UsageFault_Handler
                0x0000000008000718        0x6 ./Core/Src/stm32f1xx_it.o
                0x0000000008000718                UsageFault_Handler
 .text.SVC_Handler
                0x000000000800071e        0xc ./Core/Src/stm32f1xx_it.o
                0x000000000800071e                SVC_Handler
 .text.DebugMon_Handler
                0x000000000800072a        0xc ./Core/Src/stm32f1xx_it.o
                0x000000000800072a                DebugMon_Handler
 .text.PendSV_Handler
                0x0000000008000736        0xc ./Core/Src/stm32f1xx_it.o
                0x0000000008000736                PendSV_Handler
 .text.SysTick_Handler
                0x0000000008000742        0xc ./Core/Src/stm32f1xx_it.o
                0x0000000008000742                SysTick_Handler
 *fill*         0x000000000800074e        0x2 
 .text.USB_LP_CAN1_RX0_IRQHandler
                0x0000000008000750       0x14 ./Core/Src/stm32f1xx_it.o
                0x0000000008000750                USB_LP_CAN1_RX0_IRQHandler
 .text.SystemInit
                0x0000000008000764        0xc ./Core/Src/system_stm32f1xx.o
                0x0000000008000764                SystemInit
 .text.Reset_Handler
                0x0000000008000770       0x48 ./Core/Startup/startup_stm32f103c8tx.o
                0x0000000008000770                Reset_Handler
 .text.Default_Handler
                0x00000000080007b8        0x2 ./Core/Startup/startup_stm32f103c8tx.o
                0x00000000080007b8                USBWakeUp_IRQHandler
                0x00000000080007b8                EXTI2_IRQHandler
                0x00000000080007b8                TIM1_CC_IRQHandler
                0x00000000080007b8                PVD_IRQHandler
                0x00000000080007b8                EXTI3_IRQHandler
                0x00000000080007b8                EXTI0_IRQHandler
                0x00000000080007b8                I2C2_EV_IRQHandler
                0x00000000080007b8                ADC1_2_IRQHandler
                0x00000000080007b8                SPI1_IRQHandler
                0x00000000080007b8                TAMPER_IRQHandler
                0x00000000080007b8                DMA1_Channel4_IRQHandler
                0x00000000080007b8                USART3_IRQHandler
                0x00000000080007b8                RTC_IRQHandler
                0x00000000080007b8                DMA1_Channel7_IRQHandler
                0x00000000080007b8                CAN1_RX1_IRQHandler
                0x00000000080007b8                TIM4_IRQHandler
                0x00000000080007b8                I2C1_EV_IRQHandler
                0x00000000080007b8                DMA1_Channel6_IRQHandler
                0x00000000080007b8                TIM3_IRQHandler
                0x00000000080007b8                RCC_IRQHandler
                0x00000000080007b8                TIM1_TRG_COM_IRQHandler
                0x00000000080007b8                DMA1_Channel1_IRQHandler
                0x00000000080007b8                Default_Handler
                0x00000000080007b8                EXTI15_10_IRQHandler
                0x00000000080007b8                EXTI9_5_IRQHandler
                0x00000000080007b8                SPI2_IRQHandler
                0x00000000080007b8                DMA1_Channel5_IRQHandler
                0x00000000080007b8                EXTI4_IRQHandler
                0x00000000080007b8                USB_HP_CAN1_TX_IRQHandler
                0x00000000080007b8                DMA1_Channel3_IRQHandler
                0x00000000080007b8                TIM1_UP_IRQHandler
                0x00000000080007b8                WWDG_IRQHandler
                0x00000000080007b8                TIM2_IRQHandler
                0x00000000080007b8                TIM1_BRK_IRQHandler
                0x00000000080007b8                EXTI1_IRQHandler
                0x00000000080007b8                USART2_IRQHandler
                0x00000000080007b8                I2C2_ER_IRQHandler
                0x00000000080007b8                DMA1_Channel2_IRQHandler
                0x00000000080007b8                CAN1_SCE_IRQHandler
                0x00000000080007b8                FLASH_IRQHandler
                0x00000000080007b8                USART1_IRQHandler
                0x00000000080007b8                I2C1_ER_IRQHandler
                0x00000000080007b8                RTC_Alarm_IRQHandler
 .text._ZN13PotentiometerC2EP19__ADC_HandleTypeDefmP12GPIO_TypeDeft
                0x00000000080007ba       0x32 ./Drivers/MHC/Potentiometer.o
                0x00000000080007ba                Potentiometer::Potentiometer(__ADC_HandleTypeDef*, unsigned long, GPIO_TypeDef*, unsigned short)
                0x00000000080007ba                Potentiometer::Potentiometer(__ADC_HandleTypeDef*, unsigned long, GPIO_TypeDef*, unsigned short)
 .text._ZN13Potentiometer4InitEv
                0x00000000080007ec       0x84 ./Drivers/MHC/Potentiometer.o
                0x00000000080007ec                Potentiometer::Init()
 .text._ZN13RotaryEncoderC2EP12GPIO_TypeDeftS1_tS1_t
                0x0000000008000870       0x46 ./Drivers/MHC/RotaryEncoder.o
                0x0000000008000870                RotaryEncoder::RotaryEncoder(GPIO_TypeDef*, unsigned short, GPIO_TypeDef*, unsigned short, GPIO_TypeDef*, unsigned short)
                0x0000000008000870                RotaryEncoder::RotaryEncoder(GPIO_TypeDef*, unsigned short, GPIO_TypeDef*, unsigned short, GPIO_TypeDef*, unsigned short)
 .text._ZN13RotaryEncoder4InitEv
                0x00000000080008b6       0x92 ./Drivers/MHC/RotaryEncoder.o
                0x00000000080008b6                RotaryEncoder::Init()
 .text.HAL_Init
                0x0000000008000948       0x2c ./Drivers/STM32F1xx_HAL_Driver/Src/stm32f1xx_hal.o
                0x0000000008000948                HAL_Init
 .text.HAL_InitTick
                0x0000000008000974       0x60 ./Drivers/STM32F1xx_HAL_Driver/Src/stm32f1xx_hal.o
                0x0000000008000974                HAL_InitTick
 .text.HAL_IncTick
                0x00000000080009d4       0x24 ./Drivers/STM32F1xx_HAL_Driver/Src/stm32f1xx_hal.o
                0x00000000080009d4                HAL_IncTick
 .text.HAL_GetTick
                0x00000000080009f8       0x14 ./Drivers/STM32F1xx_HAL_Driver/Src/stm32f1xx_hal.o
                0x00000000080009f8                HAL_GetTick
 .text.HAL_Delay
                0x0000000008000a0c       0x48 ./Drivers/STM32F1xx_HAL_Driver/Src/stm32f1xx_hal.o
                0x0000000008000a0c                HAL_Delay
 .text.HAL_ADC_Init
                0x0000000008000a54      0x1b0 ./Drivers/STM32F1xx_HAL_Driver/Src/stm32f1xx_hal_adc.o
                0x0000000008000a54                HAL_ADC_Init
 .text.HAL_ADC_ConfigChannel
                0x0000000008000c04      0x1f0 ./Drivers/STM32F1xx_HAL_Driver/Src/stm32f1xx_hal_adc.o
                0x0000000008000c04                HAL_ADC_ConfigChannel
 .text.ADC_ConversionStop_Disable
                0x0000000008000df4       0x82 ./Drivers/STM32F1xx_HAL_Driver/Src/stm32f1xx_hal_adc.o
                0x0000000008000df4                ADC_ConversionStop_Disable
 *fill*         0x0000000008000e76        0x2 
 .text.__NVIC_SetPriorityGrouping
                0x0000000008000e78       0x48 ./Drivers/STM32F1xx_HAL_Driver/Src/stm32f1xx_hal_cortex.o
 .text.__NVIC_GetPriorityGrouping
                0x0000000008000ec0       0x1c ./Drivers/STM32F1xx_HAL_Driver/Src/stm32f1xx_hal_cortex.o
 .text.__NVIC_EnableIRQ
                0x0000000008000edc       0x38 ./Drivers/STM32F1xx_HAL_Driver/Src/stm32f1xx_hal_cortex.o
 .text.__NVIC_SetPriority
                0x0000000008000f14       0x54 ./Drivers/STM32F1xx_HAL_Driver/Src/stm32f1xx_hal_cortex.o
 .text.NVIC_EncodePriority
                0x0000000008000f68       0x64 ./Drivers/STM32F1xx_HAL_Driver/Src/stm32f1xx_hal_cortex.o
 .text.SysTick_Config
                0x0000000008000fcc       0x44 ./Drivers/STM32F1xx_HAL_Driver/Src/stm32f1xx_hal_cortex.o
 .text.HAL_NVIC_SetPriorityGrouping
                0x0000000008001010       0x16 ./Drivers/STM32F1xx_HAL_Driver/Src/stm32f1xx_hal_cortex.o
                0x0000000008001010                HAL_NVIC_SetPriorityGrouping
 .text.HAL_NVIC_SetPriority
                0x0000000008001026       0x38 ./Drivers/STM32F1xx_HAL_Driver/Src/stm32f1xx_hal_cortex.o
                0x0000000008001026                HAL_NVIC_SetPriority
 .text.HAL_NVIC_EnableIRQ
                0x000000000800105e       0x1c ./Drivers/STM32F1xx_HAL_Driver/Src/stm32f1xx_hal_cortex.o
                0x000000000800105e                HAL_NVIC_EnableIRQ
 .text.HAL_SYSTICK_Config
                0x000000000800107a       0x18 ./Drivers/STM32F1xx_HAL_Driver/Src/stm32f1xx_hal_cortex.o
                0x000000000800107a                HAL_SYSTICK_Config
 *fill*         0x0000000008001092        0x2 
 .text.HAL_GPIO_Init
                0x0000000008001094      0x308 ./Drivers/STM32F1xx_HAL_Driver/Src/stm32f1xx_hal_gpio.o
                0x0000000008001094                HAL_GPIO_Init
 .text.HAL_GPIO_ReadPin
                0x000000000800139c       0x2e ./Drivers/STM32F1xx_HAL_Driver/Src/stm32f1xx_hal_gpio.o
                0x000000000800139c                HAL_GPIO_ReadPin
 *fill*         0x00000000080013ca        0x2 
 .text.HAL_I2C_Init
                0x00000000080013cc      0x288 ./Drivers/STM32F1xx_HAL_Driver/Src/stm32f1xx_hal_i2c.o
                0x00000000080013cc                HAL_I2C_Init
 .text.HAL_PCD_Init
                0x0000000008001654      0x216 ./Drivers/STM32F1xx_HAL_Driver/Src/stm32f1xx_hal_pcd.o
                0x0000000008001654                HAL_PCD_Init
 .text.HAL_PCD_Start
                0x000000000800186a       0x4c ./Drivers/STM32F1xx_HAL_Driver/Src/stm32f1xx_hal_pcd.o
                0x000000000800186a                HAL_PCD_Start
 .text.HAL_PCD_IRQHandler
                0x00000000080018b6      0x2a6 ./Drivers/STM32F1xx_HAL_Driver/Src/stm32f1xx_hal_pcd.o
                0x00000000080018b6                HAL_PCD_IRQHandler
 .text.HAL_PCD_SetAddress
                0x0000000008001b5c       0x4a ./Drivers/STM32F1xx_HAL_Driver/Src/stm32f1xx_hal_pcd.o
                0x0000000008001b5c                HAL_PCD_SetAddress
 .text.HAL_PCD_EP_Open
                0x0000000008001ba6       0xcc ./Drivers/STM32F1xx_HAL_Driver/Src/stm32f1xx_hal_pcd.o
                0x0000000008001ba6                HAL_PCD_EP_Open
 .text.HAL_PCD_EP_Close
                0x0000000008001c72       0x90 ./Drivers/STM32F1xx_HAL_Driver/Src/stm32f1xx_hal_pcd.o
                0x0000000008001c72                HAL_PCD_EP_Close
 .text.HAL_PCD_EP_Receive
                0x0000000008001d02       0x7a ./Drivers/STM32F1xx_HAL_Driver/Src/stm32f1xx_hal_pcd.o
                0x0000000008001d02                HAL_PCD_EP_Receive
 .text.HAL_PCD_EP_Transmit
                0x0000000008001d7c       0x86 ./Drivers/STM32F1xx_HAL_Driver/Src/stm32f1xx_hal_pcd.o
                0x0000000008001d7c                HAL_PCD_EP_Transmit
 .text.HAL_PCD_EP_SetStall
                0x0000000008001e02       0xc0 ./Drivers/STM32F1xx_HAL_Driver/Src/stm32f1xx_hal_pcd.o
                0x0000000008001e02                HAL_PCD_EP_SetStall
 .text.HAL_PCD_EP_ClrStall
                0x0000000008001ec2       0xa8 ./Drivers/STM32F1xx_HAL_Driver/Src/stm32f1xx_hal_pcd.o
                0x0000000008001ec2                HAL_PCD_EP_ClrStall
 .text.PCD_EP_ISR_Handler
                0x0000000008001f6a      0x600 ./Drivers/STM32F1xx_HAL_Driver/Src/stm32f1xx_hal_pcd.o
 .text.HAL_PCD_EP_DB_Receive
                0x000000000800256a      0x21a ./Drivers/STM32F1xx_HAL_Driver/Src/stm32f1xx_hal_pcd.o
 .text.HAL_PCD_EP_DB_Transmit
                0x0000000008002784      0x7a4 ./Drivers/STM32F1xx_HAL_Driver/Src/stm32f1xx_hal_pcd.o
 .text.HAL_PCDEx_PMAConfig
                0x0000000008002f28       0x84 ./Drivers/STM32F1xx_HAL_Driver/Src/stm32f1xx_hal_pcd_ex.o
                0x0000000008002f28                HAL_PCDEx_PMAConfig
 .text.HAL_RCC_OscConfig
                0x0000000008002fac      0x504 ./Drivers/STM32F1xx_HAL_Driver/Src/stm32f1xx_hal_rcc.o
                0x0000000008002fac                HAL_RCC_OscConfig
 .text.HAL_RCC_ClockConfig
                0x00000000080034b0      0x1d4 ./Drivers/STM32F1xx_HAL_Driver/Src/stm32f1xx_hal_rcc.o
                0x00000000080034b0                HAL_RCC_ClockConfig
 .text.HAL_RCC_GetSysClockFreq
                0x0000000008003684       0xbc ./Drivers/STM32F1xx_HAL_Driver/Src/stm32f1xx_hal_rcc.o
                0x0000000008003684                HAL_RCC_GetSysClockFreq
 .text.HAL_RCC_GetHCLKFreq
                0x0000000008003740       0x14 ./Drivers/STM32F1xx_HAL_Driver/Src/stm32f1xx_hal_rcc.o
                0x0000000008003740                HAL_RCC_GetHCLKFreq
 .text.HAL_RCC_GetPCLK1Freq
                0x0000000008003754       0x28 ./Drivers/STM32F1xx_HAL_Driver/Src/stm32f1xx_hal_rcc.o
                0x0000000008003754                HAL_RCC_GetPCLK1Freq
 .text.HAL_RCC_GetPCLK2Freq
                0x000000000800377c       0x28 ./Drivers/STM32F1xx_HAL_Driver/Src/stm32f1xx_hal_rcc.o
                0x000000000800377c                HAL_RCC_GetPCLK2Freq
 .text.RCC_Delay
                0x00000000080037a4       0x3c ./Drivers/STM32F1xx_HAL_Driver/Src/stm32f1xx_hal_rcc.o
 .text.HAL_RCCEx_PeriphCLKConfig
                0x00000000080037e0      0x16c ./Drivers/STM32F1xx_HAL_Driver/Src/stm32f1xx_hal_rcc_ex.o
                0x00000000080037e0                HAL_RCCEx_PeriphCLKConfig
 .text.HAL_UART_Init
                0x000000000800394c       0x9a ./Drivers/STM32F1xx_HAL_Driver/Src/stm32f1xx_hal_uart.o
                0x000000000800394c                HAL_UART_Init
 *fill*         0x00000000080039e6        0x2 
 .text.UART_SetConfig
                0x00000000080039e8      0x11c ./Drivers/STM32F1xx_HAL_Driver/Src/stm32f1xx_hal_uart.o
 .text.USB_CoreInit
                0x0000000008003b04       0x20 ./Drivers/STM32F1xx_HAL_Driver/Src/stm32f1xx_ll_usb.o
                0x0000000008003b04                USB_CoreInit
 .text.USB_EnableGlobalInt
                0x0000000008003b24       0x2c ./Drivers/STM32F1xx_HAL_Driver/Src/stm32f1xx_ll_usb.o
                0x0000000008003b24                USB_EnableGlobalInt
 .text.USB_DisableGlobalInt
                0x0000000008003b50       0x34 ./Drivers/STM32F1xx_HAL_Driver/Src/stm32f1xx_ll_usb.o
                0x0000000008003b50                USB_DisableGlobalInt
 .text.USB_SetCurrentMode
                0x0000000008003b84       0x18 ./Drivers/STM32F1xx_HAL_Driver/Src/stm32f1xx_ll_usb.o
                0x0000000008003b84                USB_SetCurrentMode
 .text.USB_DevInit
                0x0000000008003b9c       0x40 ./Drivers/STM32F1xx_HAL_Driver/Src/stm32f1xx_ll_usb.o
                0x0000000008003b9c                USB_DevInit
 .text.USB_ActivateEndpoint
                0x0000000008003bdc      0x6d4 ./Drivers/STM32F1xx_HAL_Driver/Src/stm32f1xx_ll_usb.o
                0x0000000008003bdc                USB_ActivateEndpoint
 .text.USB_DeactivateEndpoint
                0x00000000080042b0      0x3d8 ./Drivers/STM32F1xx_HAL_Driver/Src/stm32f1xx_ll_usb.o
                0x00000000080042b0                USB_DeactivateEndpoint
 .text.USB_EPStartXfer
                0x0000000008004688     0x1c70 ./Drivers/STM32F1xx_HAL_Driver/Src/stm32f1xx_ll_usb.o
                0x0000000008004688                USB_EPStartXfer
 .text.USB_EPSetStall
                0x00000000080062f8       0xa0 ./Drivers/STM32F1xx_HAL_Driver/Src/stm32f1xx_ll_usb.o
                0x00000000080062f8                USB_EPSetStall
 .text.USB_EPClearStall
                0x0000000008006398      0x15a ./Drivers/STM32F1xx_HAL_Driver/Src/stm32f1xx_ll_usb.o
                0x0000000008006398                USB_EPClearStall
 .text.USB_SetDevAddress
                0x00000000080064f2       0x26 ./Drivers/STM32F1xx_HAL_Driver/Src/stm32f1xx_ll_usb.o
                0x00000000080064f2                USB_SetDevAddress
 .text.USB_DevConnect
                0x0000000008006518       0x14 ./Drivers/STM32F1xx_HAL_Driver/Src/stm32f1xx_ll_usb.o
                0x0000000008006518                USB_DevConnect
 .text.USB_DevDisconnect
                0x000000000800652c       0x14 ./Drivers/STM32F1xx_HAL_Driver/Src/stm32f1xx_ll_usb.o
                0x000000000800652c                USB_DevDisconnect
 .text.USB_ReadInterrupts
                0x0000000008006540       0x1e ./Drivers/STM32F1xx_HAL_Driver/Src/stm32f1xx_ll_usb.o
                0x0000000008006540                USB_ReadInterrupts
 .text.USB_EP0_OutStart
                0x000000000800655e       0x16 ./Drivers/STM32F1xx_HAL_Driver/Src/stm32f1xx_ll_usb.o
                0x000000000800655e                USB_EP0_OutStart
 .text.USB_WritePMA
                0x0000000008006574       0x8a ./Drivers/STM32F1xx_HAL_Driver/Src/stm32f1xx_ll_usb.o
                0x0000000008006574                USB_WritePMA
 .text.USB_ReadPMA
                0x00000000080065fe       0x9e ./Drivers/STM32F1xx_HAL_Driver/Src/stm32f1xx_ll_usb.o
                0x00000000080065fe                USB_ReadPMA
 .text.USBD_MIDI_Init
                0x000000000800669c       0x6c ./Middlewares/ST/STM32_USB_Device_Library/Class/MIDI/Src/usbd_midi.o
 .text.USBD_MIDI_DeInit
                0x0000000008006708       0x3c ./Middlewares/ST/STM32_USB_Device_Library/Class/MIDI/Src/usbd_midi.o
 .text.USBD_MIDI_Setup
                0x0000000008006744      0x11c ./Middlewares/ST/STM32_USB_Device_Library/Class/MIDI/Src/usbd_midi.o
 .text.USBD_MIDI_SendReport
                0x0000000008006860       0x44 ./Middlewares/ST/STM32_USB_Device_Library/Class/MIDI/Src/usbd_midi.o
                0x0000000008006860                USBD_MIDI_SendReport
 .text.USBD_MIDI_GetCfgDesc
                0x00000000080068a4       0x20 ./Middlewares/ST/STM32_USB_Device_Library/Class/MIDI/Src/usbd_midi.o
 .text.USBD_MIDI_DataIn
                0x00000000080068c4       0x22 ./Middlewares/ST/STM32_USB_Device_Library/Class/MIDI/Src/usbd_midi.o
 *fill*         0x00000000080068e6        0x2 
 .text.USBD_MIDI_DataOut
                0x00000000080068e8       0x44 ./Middlewares/ST/STM32_USB_Device_Library/Class/MIDI/Src/usbd_midi.o
 .text.USBD_MIDI_DataInHandler
                0x000000000800692c       0x16 ./Middlewares/ST/STM32_USB_Device_Library/Class/MIDI/Src/usbd_midi.o
                0x000000000800692c                USBD_MIDI_DataInHandler
 *fill*         0x0000000008006942        0x2 
 .text.USBD_MIDI_GetDeviceQualifierDesc
                0x0000000008006944       0x20 ./Middlewares/ST/STM32_USB_Device_Library/Class/MIDI/Src/usbd_midi.o
 .text.USBD_Init
                0x0000000008006964       0x56 ./Middlewares/ST/STM32_USB_Device_Library/Core/Src/usbd_core.o
                0x0000000008006964                USBD_Init
 .text.USBD_RegisterClass
                0x00000000080069ba       0x32 ./Middlewares/ST/STM32_USB_Device_Library/Core/Src/usbd_core.o
                0x00000000080069ba                USBD_RegisterClass
 .text.USBD_Start
                0x00000000080069ec       0x18 ./Middlewares/ST/STM32_USB_Device_Library/Core/Src/usbd_core.o
                0x00000000080069ec                USBD_Start
 .text.USBD_RunTestMode
                0x0000000008006a04       0x14 ./Middlewares/ST/STM32_USB_Device_Library/Core/Src/usbd_core.o
                0x0000000008006a04                USBD_RunTestMode
 .text.USBD_SetClassConfig
                0x0000000008006a18       0x3e ./Middlewares/ST/STM32_USB_Device_Library/Core/Src/usbd_core.o
                0x0000000008006a18                USBD_SetClassConfig
 .text.USBD_ClrClassConfig
                0x0000000008006a56       0x26 ./Middlewares/ST/STM32_USB_Device_Library/Core/Src/usbd_core.o
                0x0000000008006a56                USBD_ClrClassConfig
 .text.USBD_LL_SetupStage
                0x0000000008006a7c       0x9a ./Middlewares/ST/STM32_USB_Device_Library/Core/Src/usbd_core.o
                0x0000000008006a7c                USBD_LL_SetupStage
 .text.USBD_LL_DataOutStage
                0x0000000008006b16       0xe2 ./Middlewares/ST/STM32_USB_Device_Library/Core/Src/usbd_core.o
                0x0000000008006b16                USBD_LL_DataOutStage
 .text.USBD_LL_DataInStage
                0x0000000008006bf8      0x14a ./Middlewares/ST/STM32_USB_Device_Library/Core/Src/usbd_core.o
                0x0000000008006bf8                USBD_LL_DataInStage
 .text.USBD_LL_Reset
                0x0000000008006d42       0x82 ./Middlewares/ST/STM32_USB_Device_Library/Core/Src/usbd_core.o
                0x0000000008006d42                USBD_LL_Reset
 .text.USBD_LL_SetSpeed
                0x0000000008006dc4       0x1e ./Middlewares/ST/STM32_USB_Device_Library/Core/Src/usbd_core.o
                0x0000000008006dc4                USBD_LL_SetSpeed
 .text.USBD_LL_Suspend
                0x0000000008006de2       0x28 ./Middlewares/ST/STM32_USB_Device_Library/Core/Src/usbd_core.o
                0x0000000008006de2                USBD_LL_Suspend
 .text.USBD_LL_Resume
                0x0000000008006e0a       0x2a ./Middlewares/ST/STM32_USB_Device_Library/Core/Src/usbd_core.o
                0x0000000008006e0a                USBD_LL_Resume
 .text.USBD_LL_SOF
                0x0000000008006e34       0x34 ./Middlewares/ST/STM32_USB_Device_Library/Core/Src/usbd_core.o
                0x0000000008006e34                USBD_LL_SOF
 .text.USBD_StdDevReq
                0x0000000008006e68       0xd4 ./Middlewares/ST/STM32_USB_Device_Library/Core/Src/usbd_ctlreq.o
                0x0000000008006e68                USBD_StdDevReq
 .text.USBD_StdItfReq
                0x0000000008006f3c       0x90 ./Middlewares/ST/STM32_USB_Device_Library/Core/Src/usbd_ctlreq.o
                0x0000000008006f3c                USBD_StdItfReq
 .text.USBD_StdEPReq
                0x0000000008006fcc      0x2c6 ./Middlewares/ST/STM32_USB_Device_Library/Core/Src/usbd_ctlreq.o
                0x0000000008006fcc                USBD_StdEPReq
 *fill*         0x0000000008007292        0x2 
 .text.USBD_GetDescriptor
                0x0000000008007294      0x2d0 ./Middlewares/ST/STM32_USB_Device_Library/Core/Src/usbd_ctlreq.o
 .text.USBD_SetAddress
                0x0000000008007564       0x86 ./Middlewares/ST/STM32_USB_Device_Library/Core/Src/usbd_ctlreq.o
 *fill*         0x00000000080075ea        0x2 
 .text.USBD_SetConfig
                0x00000000080075ec      0x11c ./Middlewares/ST/STM32_USB_Device_Library/Core/Src/usbd_ctlreq.o
 .text.USBD_GetConfig
                0x0000000008007708       0x6a ./Middlewares/ST/STM32_USB_Device_Library/Core/Src/usbd_ctlreq.o
 .text.USBD_GetStatus
                0x0000000008007772       0x66 ./Middlewares/ST/STM32_USB_Device_Library/Core/Src/usbd_ctlreq.o
 .text.USBD_SetFeature
                0x00000000080077d8       0x28 ./Middlewares/ST/STM32_USB_Device_Library/Core/Src/usbd_ctlreq.o
 .text.USBD_ClrFeature
                0x0000000008007800       0x42 ./Middlewares/ST/STM32_USB_Device_Library/Core/Src/usbd_ctlreq.o
 .text.USBD_ParseSetupRequest
                0x0000000008007842       0x78 ./Middlewares/ST/STM32_USB_Device_Library/Core/Src/usbd_ctlreq.o
                0x0000000008007842                USBD_ParseSetupRequest
 .text.USBD_CtlError
                0x00000000080078ba       0x22 ./Middlewares/ST/STM32_USB_Device_Library/Core/Src/usbd_ctlreq.o
                0x00000000080078ba                USBD_CtlError
 .text.USBD_GetString
                0x00000000080078dc       0x84 ./Middlewares/ST/STM32_USB_Device_Library/Core/Src/usbd_ctlreq.o
                0x00000000080078dc                USBD_GetString
 .text.USBD_GetLen
                0x0000000008007960       0x2e ./Middlewares/ST/STM32_USB_Device_Library/Core/Src/usbd_ctlreq.o
 .text.USBD_CtlSendData
                0x000000000800798e       0x38 ./Middlewares/ST/STM32_USB_Device_Library/Core/Src/usbd_ioreq.o
                0x000000000800798e                USBD_CtlSendData
 .text.USBD_CtlContinueSendData
                0x00000000080079c6       0x24 ./Middlewares/ST/STM32_USB_Device_Library/Core/Src/usbd_ioreq.o
                0x00000000080079c6                USBD_CtlContinueSendData
 .text.USBD_CtlContinueRx
                0x00000000080079ea       0x24 ./Middlewares/ST/STM32_USB_Device_Library/Core/Src/usbd_ioreq.o
                0x00000000080079ea                USBD_CtlContinueRx
 .text.USBD_CtlSendStatus
                0x0000000008007a0e       0x26 ./Middlewares/ST/STM32_USB_Device_Library/Core/Src/usbd_ioreq.o
                0x0000000008007a0e                USBD_CtlSendStatus
 .text.USBD_CtlReceiveStatus
                0x0000000008007a34       0x26 ./Middlewares/ST/STM32_USB_Device_Library/Core/Src/usbd_ioreq.o
                0x0000000008007a34                USBD_CtlReceiveStatus
 *fill*         0x0000000008007a5a        0x2 
 .text.MX_USB_DEVICE_Init
                0x0000000008007a5c       0x4c ./USB_DEVICE/App/usb_device.o
                0x0000000008007a5c                MX_USB_DEVICE_Init
 .text.USBD_FS_DeviceDescriptor
                0x0000000008007aa8       0x24 ./USB_DEVICE/App/usbd_desc.o
                0x0000000008007aa8                USBD_FS_DeviceDescriptor
 .text.USBD_FS_LangIDStrDescriptor
                0x0000000008007acc       0x24 ./USB_DEVICE/App/usbd_desc.o
                0x0000000008007acc                USBD_FS_LangIDStrDescriptor
 .text.USBD_FS_ProductStrDescriptor
                0x0000000008007af0       0x3c ./USB_DEVICE/App/usbd_desc.o
                0x0000000008007af0                USBD_FS_ProductStrDescriptor
 .text.USBD_FS_ManufacturerStrDescriptor
                0x0000000008007b2c       0x28 ./USB_DEVICE/App/usbd_desc.o
                0x0000000008007b2c                USBD_FS_ManufacturerStrDescriptor
 .text.USBD_FS_SerialStrDescriptor
                0x0000000008007b54       0x24 ./USB_DEVICE/App/usbd_desc.o
                0x0000000008007b54                USBD_FS_SerialStrDescriptor
 .text.USBD_FS_ConfigStrDescriptor
                0x0000000008007b78       0x3c ./USB_DEVICE/App/usbd_desc.o
                0x0000000008007b78                USBD_FS_ConfigStrDescriptor
 .text.USBD_FS_InterfaceStrDescriptor
                0x0000000008007bb4       0x3c ./USB_DEVICE/App/usbd_desc.o
                0x0000000008007bb4                USBD_FS_InterfaceStrDescriptor
 .text.Get_SerialNum
                0x0000000008007bf0       0x58 ./USB_DEVICE/App/usbd_desc.o
 .text.IntToUnicode
                0x0000000008007c48       0x7c ./USB_DEVICE/App/usbd_desc.o
 .text.HAL_PCD_MspInit
                0x0000000008007cc4       0x4c ./USB_DEVICE/Target/usbd_conf.o
                0x0000000008007cc4                HAL_PCD_MspInit
 .text.HAL_PCD_SetupStageCallback
                0x0000000008007d10       0x24 ./USB_DEVICE/Target/usbd_conf.o
                0x0000000008007d10                HAL_PCD_SetupStageCallback
 .text.HAL_PCD_DataOutStageCallback
                0x0000000008007d34       0x36 ./USB_DEVICE/Target/usbd_conf.o
                0x0000000008007d34                HAL_PCD_DataOutStageCallback
 .text.HAL_PCD_DataInStageCallback
                0x0000000008007d6a       0x34 ./USB_DEVICE/Target/usbd_conf.o
                0x0000000008007d6a                HAL_PCD_DataInStageCallback
 .text.HAL_PCD_SOFCallback
                0x0000000008007d9e       0x1c ./USB_DEVICE/Target/usbd_conf.o
                0x0000000008007d9e                HAL_PCD_SOFCallback
 .text.HAL_PCD_ResetCallback
                0x0000000008007dba       0x3c ./USB_DEVICE/Target/usbd_conf.o
                0x0000000008007dba                HAL_PCD_ResetCallback
 *fill*         0x0000000008007df6        0x2 
 .text.HAL_PCD_SuspendCallback
                0x0000000008007df8       0x34 ./USB_DEVICE/Target/usbd_conf.o
                0x0000000008007df8                HAL_PCD_SuspendCallback
 .text.HAL_PCD_ResumeCallback
                0x0000000008007e2c       0x1c ./USB_DEVICE/Target/usbd_conf.o
                0x0000000008007e2c                HAL_PCD_ResumeCallback
 .text.USBD_LL_Init
                0x0000000008007e48       0xa0 ./USB_DEVICE/Target/usbd_conf.o
                0x0000000008007e48                USBD_LL_Init
 .text.USBD_LL_Start
                0x0000000008007ee8       0x36 ./USB_DEVICE/Target/usbd_conf.o
                0x0000000008007ee8                USBD_LL_Start
 .text.USBD_LL_OpenEP
                0x0000000008007f1e       0x4c ./USB_DEVICE/Target/usbd_conf.o
                0x0000000008007f1e                USBD_LL_OpenEP
 .text.USBD_LL_CloseEP
                0x0000000008007f6a       0x3e ./USB_DEVICE/Target/usbd_conf.o
                0x0000000008007f6a                USBD_LL_CloseEP
 .text.USBD_LL_StallEP
                0x0000000008007fa8       0x3e ./USB_DEVICE/Target/usbd_conf.o
                0x0000000008007fa8                USBD_LL_StallEP
 .text.USBD_LL_ClearStallEP
                0x0000000008007fe6       0x3e ./USB_DEVICE/Target/usbd_conf.o
                0x0000000008007fe6                USBD_LL_ClearStallEP
 .text.USBD_LL_IsStallEP
                0x0000000008008024       0x58 ./USB_DEVICE/Target/usbd_conf.o
                0x0000000008008024                USBD_LL_IsStallEP
 .text.USBD_LL_SetUSBAddress
                0x000000000800807c       0x3e ./USB_DEVICE/Target/usbd_conf.o
                0x000000000800807c                USBD_LL_SetUSBAddress
 .text.USBD_LL_Transmit
                0x00000000080080ba       0x46 ./USB_DEVICE/Target/usbd_conf.o
                0x00000000080080ba                USBD_LL_Transmit
 .text.USBD_LL_PrepareReceive
                0x0000000008008100       0x46 ./USB_DEVICE/Target/usbd_conf.o
                0x0000000008008100                USBD_LL_PrepareReceive
 *fill*         0x0000000008008146        0x2 
 .text.USBD_static_malloc
                0x0000000008008148       0x18 ./USB_DEVICE/Target/usbd_conf.o
                0x0000000008008148                USBD_static_malloc
 .text.USBD_static_free
                0x0000000008008160       0x12 ./USB_DEVICE/Target/usbd_conf.o
                0x0000000008008160                USBD_static_free
 .text.HAL_PCDEx_SetConnectionState
                0x0000000008008172       0x16 ./USB_DEVICE/Target/usbd_conf.o
                0x0000000008008172                HAL_PCDEx_SetConnectionState
 .text.USBD_Get_USB_Status
                0x0000000008008188       0x58 ./USB_DEVICE/Target/usbd_conf.o
 .text.__libc_init_array
                0x00000000080081e0       0x48 /Applications/STM32CubeIDE.app/Contents/Eclipse/plugins/com.st.stm32cube.ide.mcu.externaltools.gnu-tools-for-stm32.10.3-2021.10.macos64_1.0.0.202111181127/tools/bin/../lib/gcc/arm-none-eabi/10.3.1/../../../../arm-none-eabi/lib/thumb/v7-m/nofp/libc_nano.a(lib_a-init.o)
                0x00000000080081e0                __libc_init_array
 .text.memset   0x0000000008008228       0x10 /Applications/STM32CubeIDE.app/Contents/Eclipse/plugins/com.st.stm32cube.ide.mcu.externaltools.gnu-tools-for-stm32.10.3-2021.10.macos64_1.0.0.202111181127/tools/bin/../lib/gcc/arm-none-eabi/10.3.1/../../../../arm-none-eabi/lib/thumb/v7-m/nofp/libc_nano.a(lib_a-memset.o)
                0x0000000008008228                memset
 *(.glue_7)
 .glue_7        0x0000000008008238        0x0 linker stubs
 *(.glue_7t)
 .glue_7t       0x0000000008008238        0x0 linker stubs
 *(.eh_frame)
 .eh_frame      0x0000000008008238        0x0 /Applications/STM32CubeIDE.app/Contents/Eclipse/plugins/com.st.stm32cube.ide.mcu.externaltools.gnu-tools-for-stm32.10.3-2021.10.macos64_1.0.0.202111181127/tools/bin/../lib/gcc/arm-none-eabi/10.3.1/thumb/v7-m/nofp/crtbegin.o
 *(.init)
 .init          0x0000000008008238        0x4 /Applications/STM32CubeIDE.app/Contents/Eclipse/plugins/com.st.stm32cube.ide.mcu.externaltools.gnu-tools-for-stm32.10.3-2021.10.macos64_1.0.0.202111181127/tools/bin/../lib/gcc/arm-none-eabi/10.3.1/thumb/v7-m/nofp/crti.o
                0x0000000008008238                _init
 .init          0x000000000800823c        0x8 /Applications/STM32CubeIDE.app/Contents/Eclipse/plugins/com.st.stm32cube.ide.mcu.externaltools.gnu-tools-for-stm32.10.3-2021.10.macos64_1.0.0.202111181127/tools/bin/../lib/gcc/arm-none-eabi/10.3.1/thumb/v7-m/nofp/crtn.o
 *(.fini)
 .fini          0x0000000008008244        0x4 /Applications/STM32CubeIDE.app/Contents/Eclipse/plugins/com.st.stm32cube.ide.mcu.externaltools.gnu-tools-for-stm32.10.3-2021.10.macos64_1.0.0.202111181127/tools/bin/../lib/gcc/arm-none-eabi/10.3.1/thumb/v7-m/nofp/crti.o
                0x0000000008008244                _fini
 .fini          0x0000000008008248        0x8 /Applications/STM32CubeIDE.app/Contents/Eclipse/plugins/com.st.stm32cube.ide.mcu.externaltools.gnu-tools-for-stm32.10.3-2021.10.macos64_1.0.0.202111181127/tools/bin/../lib/gcc/arm-none-eabi/10.3.1/thumb/v7-m/nofp/crtn.o
                0x0000000008008250                . = ALIGN (0x4)
                0x0000000008008250                _etext = .

.vfp11_veneer   0x0000000008008250        0x0
 .vfp11_veneer  0x0000000008008250        0x0 linker stubs

.v4_bx          0x0000000008008250        0x0
 .v4_bx         0x0000000008008250        0x0 linker stubs

.iplt           0x0000000008008250        0x0
 .iplt          0x0000000008008250        0x0 /Applications/STM32CubeIDE.app/Contents/Eclipse/plugins/com.st.stm32cube.ide.mcu.externaltools.gnu-tools-for-stm32.10.3-2021.10.macos64_1.0.0.202111181127/tools/bin/../lib/gcc/arm-none-eabi/10.3.1/thumb/v7-m/nofp/crtbegin.o

.rodata         0x0000000008008250       0x70
                0x0000000008008250                . = ALIGN (0x4)
 *(.rodata)
 .rodata        0x0000000008008250       0x10 ./Drivers/STM32F1xx_HAL_Driver/Src/stm32f1xx_hal_rcc.o
 .rodata        0x0000000008008260       0x46 ./USB_DEVICE/App/usbd_desc.o
 *(.rodata*)
 *fill*         0x00000000080082a6        0x2 
 .rodata.AHBPrescTable
                0x00000000080082a8       0x10 ./Core/Src/system_stm32f1xx.o
                0x00000000080082a8                AHBPrescTable
 .rodata.APBPrescTable
                0x00000000080082b8        0x8 ./Core/Src/system_stm32f1xx.o
                0x00000000080082b8                APBPrescTable
                0x00000000080082c0                . = ALIGN (0x4)

.rel.dyn        0x00000000080082c0        0x0
 .rel.iplt      0x00000000080082c0        0x0 /Applications/STM32CubeIDE.app/Contents/Eclipse/plugins/com.st.stm32cube.ide.mcu.externaltools.gnu-tools-for-stm32.10.3-2021.10.macos64_1.0.0.202111181127/tools/bin/../lib/gcc/arm-none-eabi/10.3.1/thumb/v7-m/nofp/crtbegin.o

.ARM.extab      0x00000000080082c0        0x0
                0x00000000080082c0                . = ALIGN (0x4)
 *(.ARM.extab* .gnu.linkonce.armextab.*)
                0x00000000080082c0                . = ALIGN (0x4)

.ARM            0x00000000080082c0        0x0
                0x00000000080082c0                . = ALIGN (0x4)
                0x00000000080082c0                __exidx_start = .
 *(.ARM.exidx*)
                0x00000000080082c0                __exidx_end = .
                0x00000000080082c0                . = ALIGN (0x4)

.preinit_array  0x00000000080082c0        0x0
                0x00000000080082c0                . = ALIGN (0x4)
                0x00000000080082c0                PROVIDE (__preinit_array_start = .)
 *(.preinit_array*)
                0x00000000080082c0                PROVIDE (__preinit_array_end = .)
                0x00000000080082c0                . = ALIGN (0x4)

.init_array     0x00000000080082c0        0x8
                0x00000000080082c0                . = ALIGN (0x4)
                0x00000000080082c0                PROVIDE (__init_array_start = .)
 *(SORT_BY_NAME(.init_array.*))
 *(.init_array*)
 .init_array    0x00000000080082c0        0x4 /Applications/STM32CubeIDE.app/Contents/Eclipse/plugins/com.st.stm32cube.ide.mcu.externaltools.gnu-tools-for-stm32.10.3-2021.10.macos64_1.0.0.202111181127/tools/bin/../lib/gcc/arm-none-eabi/10.3.1/thumb/v7-m/nofp/crtbegin.o
 .init_array    0x00000000080082c4        0x4 ./Core/Src/main.o
                0x00000000080082c8                PROVIDE (__init_array_end = .)
                0x00000000080082c8                . = ALIGN (0x4)

.fini_array     0x00000000080082c8        0x4
                0x00000000080082c8                . = ALIGN (0x4)
                [!provide]                        PROVIDE (__fini_array_start = .)
 *(SORT_BY_NAME(.fini_array.*))
 *(.fini_array*)
 .fini_array    0x00000000080082c8        0x4 /Applications/STM32CubeIDE.app/Contents/Eclipse/plugins/com.st.stm32cube.ide.mcu.externaltools.gnu-tools-for-stm32.10.3-2021.10.macos64_1.0.0.202111181127/tools/bin/../lib/gcc/arm-none-eabi/10.3.1/thumb/v7-m/nofp/crtbegin.o
                [!provide]                        PROVIDE (__fini_array_end = .)
                0x00000000080082cc                . = ALIGN (0x4)
                0x00000000080082cc                _sidata = LOADADDR (.data)

.data           0x0000000020000000       0xf4 load address 0x00000000080082cc
                0x0000000020000000                . = ALIGN (0x4)
                0x0000000020000000                _sdata = .
 *(.data)
 *(.data*)
 .data.SystemCoreClock
                0x0000000020000000        0x4 ./Core/Src/system_stm32f1xx.o
                0x0000000020000000                SystemCoreClock
 .data.uwTickPrio
                0x0000000020000004        0x4 ./Drivers/STM32F1xx_HAL_Driver/Src/stm32f1xx_hal.o
                0x0000000020000004                uwTickPrio
 .data.uwTickFreq
                0x0000000020000008        0x1 ./Drivers/STM32F1xx_HAL_Driver/Src/stm32f1xx_hal.o
                0x0000000020000008                uwTickFreq
 *fill*         0x0000000020000009        0x3 
 .data.USBD_MIDI
                0x000000002000000c       0x38 ./Middlewares/ST/STM32_USB_Device_Library/Class/MIDI/Src/usbd_midi.o
                0x000000002000000c                USBD_MIDI
 .data.USBD_MIDI_CfgDesc
                0x0000000020000044       0x53 ./Middlewares/ST/STM32_USB_Device_Library/Class/MIDI/Src/usbd_midi.o
 *fill*         0x0000000020000097        0x1 
 .data.USBD_MIDI_DeviceQualifierDesc
                0x0000000020000098        0xa ./Middlewares/ST/STM32_USB_Device_Library/Class/MIDI/Src/usbd_midi.o
 *fill*         0x00000000200000a2        0x2 
 .data.FS_Desc  0x00000000200000a4       0x1c ./USB_DEVICE/App/usbd_desc.o
                0x00000000200000a4                FS_Desc
 .data.USBD_FS_DeviceDesc
                0x00000000200000c0       0x12 ./USB_DEVICE/App/usbd_desc.o
                0x00000000200000c0                USBD_FS_DeviceDesc
 *fill*         0x00000000200000d2        0x2 
 .data.USBD_LangIDDesc
                0x00000000200000d4        0x4 ./USB_DEVICE/App/usbd_desc.o
                0x00000000200000d4                USBD_LangIDDesc
 .data.USBD_StringSerial
                0x00000000200000d8       0x1a ./USB_DEVICE/App/usbd_desc.o
                0x00000000200000d8                USBD_StringSerial
 *(.RamFunc)
 *(.RamFunc*)
                0x00000000200000f4                . = ALIGN (0x4)
 *fill*         0x00000000200000f2        0x2 
                0x00000000200000f4                _edata = .

.igot.plt       0x00000000200000f4        0x0 load address 0x00000000080083c0
 .igot.plt      0x00000000200000f4        0x0 /Applications/STM32CubeIDE.app/Contents/Eclipse/plugins/com.st.stm32cube.ide.mcu.externaltools.gnu-tools-for-stm32.10.3-2021.10.macos64_1.0.0.202111181127/tools/bin/../lib/gcc/arm-none-eabi/10.3.1/thumb/v7-m/nofp/crtbegin.o
                0x00000000200000f4                . = ALIGN (0x4)

.bss            0x00000000200000f4      0x918 load address 0x00000000080083c0
                0x00000000200000f4                _sbss = .
                0x00000000200000f4                __bss_start__ = _sbss
 *(.bss)
 .bss           0x00000000200000f4       0x1c /Applications/STM32CubeIDE.app/Contents/Eclipse/plugins/com.st.stm32cube.ide.mcu.externaltools.gnu-tools-for-stm32.10.3-2021.10.macos64_1.0.0.202111181127/tools/bin/../lib/gcc/arm-none-eabi/10.3.1/thumb/v7-m/nofp/crtbegin.o
 *(.bss*)
 .bss.hadc1     0x0000000020000110       0x30 ./Core/Src/main.o
                0x0000000020000110                hadc1
 .bss.hi2c2     0x0000000020000140       0x54 ./Core/Src/main.o
                0x0000000020000140                hi2c2
 .bss.huart1    0x0000000020000194       0x44 ./Core/Src/main.o
                0x0000000020000194                huart1
 .bss.potentiometer1
                0x00000000200001d8       0x10 ./Core/Src/main.o
                0x00000000200001d8                potentiometer1
 .bss.rotaryEncoder1
                0x00000000200001e8       0x18 ./Core/Src/main.o
                0x00000000200001e8                rotaryEncoder1
 .bss.uwTick    0x0000000020000200        0x4 ./Drivers/STM32F1xx_HAL_Driver/Src/stm32f1xx_hal.o
                0x0000000020000200                uwTick
 .bss.usb_rx_buffer
                0x0000000020000204       0x40 ./Middlewares/ST/STM32_USB_Device_Library/Class/MIDI/Src/usbd_midi.o
 .bss.cfgidx.0  0x0000000020000244        0x1 ./Middlewares/ST/STM32_USB_Device_Library/Core/Src/usbd_ctlreq.o
 *fill*         0x0000000020000245        0x3 
 .bss.hUsbDeviceFS
                0x0000000020000248      0x2c4 ./USB_DEVICE/App/usb_device.o
                0x0000000020000248                hUsbDeviceFS
 .bss.USBD_StrDesc
                0x000000002000050c      0x200 ./USB_DEVICE/App/usbd_desc.o
                0x000000002000050c                USBD_StrDesc
 .bss.hpcd_USB_FS
                0x000000002000070c      0x2ec ./USB_DEVICE/Target/usbd_conf.o
                0x000000002000070c                hpcd_USB_FS
 .bss.mem.0     0x00000000200009f8       0x14 ./USB_DEVICE/Target/usbd_conf.o
 *(COMMON)
                0x0000000020000a0c                . = ALIGN (0x4)
                0x0000000020000a0c                _ebss = .
                0x0000000020000a0c                __bss_end__ = _ebss

._user_heap_stack
                0x0000000020000a0c      0x604 load address 0x00000000080083c0
                0x0000000020000a10                . = ALIGN (0x8)
 *fill*         0x0000000020000a0c        0x4 
                [!provide]                        PROVIDE (end = .)
                0x0000000020000a10                PROVIDE (_end = .)
                0x0000000020000c10                . = (. + _Min_Heap_Size)
 *fill*         0x0000000020000a10      0x200 
                0x0000000020001010                . = (. + _Min_Stack_Size)
 *fill*         0x0000000020000c10      0x400 
                0x0000000020001010                . = ALIGN (0x8)

/DISCARD/
 libc.a(*)
 libm.a(*)
 libgcc.a(*)

.ARM.attributes
                0x0000000000000000       0x29
 *(.ARM.attributes)
 .ARM.attributes
                0x0000000000000000       0x1d /Applications/STM32CubeIDE.app/Contents/Eclipse/plugins/com.st.stm32cube.ide.mcu.externaltools.gnu-tools-for-stm32.10.3-2021.10.macos64_1.0.0.202111181127/tools/bin/../lib/gcc/arm-none-eabi/10.3.1/thumb/v7-m/nofp/crti.o
 .ARM.attributes
                0x000000000000001d       0x2d /Applications/STM32CubeIDE.app/Contents/Eclipse/plugins/com.st.stm32cube.ide.mcu.externaltools.gnu-tools-for-stm32.10.3-2021.10.macos64_1.0.0.202111181127/tools/bin/../lib/gcc/arm-none-eabi/10.3.1/thumb/v7-m/nofp/crtbegin.o
 .ARM.attributes
                0x000000000000004a       0x2d ./Core/Src/main.o
 .ARM.attributes
                0x0000000000000077       0x2d ./Core/Src/stm32f1xx_hal_msp.o
 .ARM.attributes
                0x00000000000000a4       0x2d ./Core/Src/stm32f1xx_it.o
 .ARM.attributes
                0x00000000000000d1       0x2d ./Core/Src/system_stm32f1xx.o
 .ARM.attributes
                0x00000000000000fe       0x21 ./Core/Startup/startup_stm32f103c8tx.o
 .ARM.attributes
                0x000000000000011f       0x2d ./Drivers/MHC/Potentiometer.o
 .ARM.attributes
                0x000000000000014c       0x2d ./Drivers/MHC/RotaryEncoder.o
 .ARM.attributes
                0x0000000000000179       0x2d ./Drivers/STM32F1xx_HAL_Driver/Src/stm32f1xx_hal.o
 .ARM.attributes
                0x00000000000001a6       0x2d ./Drivers/STM32F1xx_HAL_Driver/Src/stm32f1xx_hal_adc.o
 .ARM.attributes
                0x00000000000001d3       0x2d ./Drivers/STM32F1xx_HAL_Driver/Src/stm32f1xx_hal_cortex.o
 .ARM.attributes
                0x0000000000000200       0x2d ./Drivers/STM32F1xx_HAL_Driver/Src/stm32f1xx_hal_gpio.o
 .ARM.attributes
                0x000000000000022d       0x2d ./Drivers/STM32F1xx_HAL_Driver/Src/stm32f1xx_hal_i2c.o
 .ARM.attributes
                0x000000000000025a       0x2d ./Drivers/STM32F1xx_HAL_Driver/Src/stm32f1xx_hal_pcd.o
 .ARM.attributes
                0x0000000000000287       0x2d ./Drivers/STM32F1xx_HAL_Driver/Src/stm32f1xx_hal_pcd_ex.o
 .ARM.attributes
                0x00000000000002b4       0x2d ./Drivers/STM32F1xx_HAL_Driver/Src/stm32f1xx_hal_rcc.o
 .ARM.attributes
                0x00000000000002e1       0x2d ./Drivers/STM32F1xx_HAL_Driver/Src/stm32f1xx_hal_rcc_ex.o
 .ARM.attributes
                0x000000000000030e       0x2d ./Drivers/STM32F1xx_HAL_Driver/Src/stm32f1xx_hal_uart.o
 .ARM.attributes
                0x000000000000033b       0x2d ./Drivers/STM32F1xx_HAL_Driver/Src/stm32f1xx_ll_usb.o
 .ARM.attributes
                0x0000000000000368       0x2d ./Middlewares/ST/STM32_USB_Device_Library/Class/MIDI/Src/usbd_midi.o
 .ARM.attributes
                0x0000000000000395       0x2d ./Middlewares/ST/STM32_USB_Device_Library/Core/Src/usbd_core.o
 .ARM.attributes
                0x00000000000003c2       0x2d ./Middlewares/ST/STM32_USB_Device_Library/Core/Src/usbd_ctlreq.o
 .ARM.attributes
                0x00000000000003ef       0x2d ./Middlewares/ST/STM32_USB_Device_Library/Core/Src/usbd_ioreq.o
 .ARM.attributes
                0x000000000000041c       0x2d ./USB_DEVICE/App/usb_device.o
 .ARM.attributes
                0x0000000000000449       0x2d ./USB_DEVICE/App/usbd_desc.o
 .ARM.attributes
                0x0000000000000476       0x2d ./USB_DEVICE/Target/usbd_conf.o
 .ARM.attributes
                0x00000000000004a3       0x2d /Applications/STM32CubeIDE.app/Contents/Eclipse/plugins/com.st.stm32cube.ide.mcu.externaltools.gnu-tools-for-stm32.10.3-2021.10.macos64_1.0.0.202111181127/tools/bin/../lib/gcc/arm-none-eabi/10.3.1/../../../../arm-none-eabi/lib/thumb/v7-m/nofp/libc_nano.a(lib_a-init.o)
 .ARM.attributes
                0x00000000000004d0       0x2d /Applications/STM32CubeIDE.app/Contents/Eclipse/plugins/com.st.stm32cube.ide.mcu.externaltools.gnu-tools-for-stm32.10.3-2021.10.macos64_1.0.0.202111181127/tools/bin/../lib/gcc/arm-none-eabi/10.3.1/../../../../arm-none-eabi/lib/thumb/v7-m/nofp/libc_nano.a(lib_a-memset.o)
 .ARM.attributes
                0x00000000000004fd       0x1d /Applications/STM32CubeIDE.app/Contents/Eclipse/plugins/com.st.stm32cube.ide.mcu.externaltools.gnu-tools-for-stm32.10.3-2021.10.macos64_1.0.0.202111181127/tools/bin/../lib/gcc/arm-none-eabi/10.3.1/thumb/v7-m/nofp/crtn.o
OUTPUT(Midi_Hand_Controller.elf elf32-littlearm)
LOAD linker stubs
LOAD /Applications/STM32CubeIDE.app/Contents/Eclipse/plugins/com.st.stm32cube.ide.mcu.externaltools.gnu-tools-for-stm32.10.3-2021.10.macos64_1.0.0.202111181127/tools/bin/../lib/gcc/arm-none-eabi/10.3.1/../../../../arm-none-eabi/lib/thumb/v7-m/nofp/libc.a
LOAD /Applications/STM32CubeIDE.app/Contents/Eclipse/plugins/com.st.stm32cube.ide.mcu.externaltools.gnu-tools-for-stm32.10.3-2021.10.macos64_1.0.0.202111181127/tools/bin/../lib/gcc/arm-none-eabi/10.3.1/../../../../arm-none-eabi/lib/thumb/v7-m/nofp/libm.a
LOAD /Applications/STM32CubeIDE.app/Contents/Eclipse/plugins/com.st.stm32cube.ide.mcu.externaltools.gnu-tools-for-stm32.10.3-2021.10.macos64_1.0.0.202111181127/tools/bin/../lib/gcc/arm-none-eabi/10.3.1/thumb/v7-m/nofp/libgcc.a

.debug_info     0x0000000000000000    0x13203
 .debug_info    0x0000000000000000     0x1f55 ./Core/Src/main.o
 .debug_info    0x0000000000001f55      0xe4e ./Core/Src/stm32f1xx_hal_msp.o
 .debug_info    0x0000000000002da3      0x661 ./Core/Src/stm32f1xx_it.o
 .debug_info    0x0000000000003404      0x23d ./Core/Src/system_stm32f1xx.o
 .debug_info    0x0000000000003641       0x22 ./Core/Startup/startup_stm32f103c8tx.o
 .debug_info    0x0000000000003663      0x886 ./Drivers/MHC/Potentiometer.o
 .debug_info    0x0000000000003ee9      0x4ac ./Drivers/MHC/RotaryEncoder.o
 .debug_info    0x0000000000004395      0x734 ./Drivers/STM32F1xx_HAL_Driver/Src/stm32f1xx_hal.o
 .debug_info    0x0000000000004ac9      0xcd9 ./Drivers/STM32F1xx_HAL_Driver/Src/stm32f1xx_hal_adc.o
 .debug_info    0x00000000000057a2      0xb20 ./Drivers/STM32F1xx_HAL_Driver/Src/stm32f1xx_hal_cortex.o
 .debug_info    0x00000000000062c2      0x615 ./Drivers/STM32F1xx_HAL_Driver/Src/stm32f1xx_hal_gpio.o
 .debug_info    0x00000000000068d7     0x2734 ./Drivers/STM32F1xx_HAL_Driver/Src/stm32f1xx_hal_i2c.o
 .debug_info    0x000000000000900b     0x16ab ./Drivers/STM32F1xx_HAL_Driver/Src/stm32f1xx_hal_pcd.o
 .debug_info    0x000000000000a6b6      0x728 ./Drivers/STM32F1xx_HAL_Driver/Src/stm32f1xx_hal_pcd_ex.o
 .debug_info    0x000000000000adde      0x860 ./Drivers/STM32F1xx_HAL_Driver/Src/stm32f1xx_hal_rcc.o
 .debug_info    0x000000000000b63e      0x3e0 ./Drivers/STM32F1xx_HAL_Driver/Src/stm32f1xx_hal_rcc_ex.o
 .debug_info    0x000000000000ba1e     0x15d8 ./Drivers/STM32F1xx_HAL_Driver/Src/stm32f1xx_hal_uart.o
 .debug_info    0x000000000000cff6     0x190d ./Drivers/STM32F1xx_HAL_Driver/Src/stm32f1xx_ll_usb.o
 .debug_info    0x000000000000e903      0x9ee ./Middlewares/ST/STM32_USB_Device_Library/Class/MIDI/Src/usbd_midi.o
 .debug_info    0x000000000000f2f1      0xb02 ./Middlewares/ST/STM32_USB_Device_Library/Core/Src/usbd_core.o
 .debug_info    0x000000000000fdf3      0x9b6 ./Middlewares/ST/STM32_USB_Device_Library/Core/Src/usbd_ctlreq.o
 .debug_info    0x00000000000107a9      0x715 ./Middlewares/ST/STM32_USB_Device_Library/Core/Src/usbd_ioreq.o
 .debug_info    0x0000000000010ebe      0x59c ./USB_DEVICE/App/usb_device.o
 .debug_info    0x000000000001145a      0x484 ./USB_DEVICE/App/usbd_desc.o
 .debug_info    0x00000000000118de     0x1925 ./USB_DEVICE/Target/usbd_conf.o

.debug_abbrev   0x0000000000000000     0x3435
 .debug_abbrev  0x0000000000000000      0x488 ./Core/Src/main.o
 .debug_abbrev  0x0000000000000488      0x1c1 ./Core/Src/stm32f1xx_hal_msp.o
 .debug_abbrev  0x0000000000000649      0x188 ./Core/Src/stm32f1xx_it.o
 .debug_abbrev  0x00000000000007d1      0x13b ./Core/Src/system_stm32f1xx.o
 .debug_abbrev  0x000000000000090c       0x12 ./Core/Startup/startup_stm32f103c8tx.o
 .debug_abbrev  0x000000000000091e      0x221 ./Drivers/MHC/Potentiometer.o
 .debug_abbrev  0x0000000000000b3f      0x206 ./Drivers/MHC/RotaryEncoder.o
 .debug_abbrev  0x0000000000000d45      0x1fb ./Drivers/STM32F1xx_HAL_Driver/Src/stm32f1xx_hal.o
 .debug_abbrev  0x0000000000000f40      0x210 ./Drivers/STM32F1xx_HAL_Driver/Src/stm32f1xx_hal_adc.o
 .debug_abbrev  0x0000000000001150      0x2ed ./Drivers/STM32F1xx_HAL_Driver/Src/stm32f1xx_hal_cortex.o
 .debug_abbrev  0x000000000000143d      0x1bb ./Drivers/STM32F1xx_HAL_Driver/Src/stm32f1xx_hal_gpio.o
 .debug_abbrev  0x00000000000015f8      0x288 ./Drivers/STM32F1xx_HAL_Driver/Src/stm32f1xx_hal_i2c.o
 .debug_abbrev  0x0000000000001880      0x2b9 ./Drivers/STM32F1xx_HAL_Driver/Src/stm32f1xx_hal_pcd.o
 .debug_abbrev  0x0000000000001b39      0x17f ./Drivers/STM32F1xx_HAL_Driver/Src/stm32f1xx_hal_pcd_ex.o
 .debug_abbrev  0x0000000000001cb8      0x2a8 ./Drivers/STM32F1xx_HAL_Driver/Src/stm32f1xx_hal_rcc.o
 .debug_abbrev  0x0000000000001f60      0x182 ./Drivers/STM32F1xx_HAL_Driver/Src/stm32f1xx_hal_rcc_ex.o
 .debug_abbrev  0x00000000000020e2      0x278 ./Drivers/STM32F1xx_HAL_Driver/Src/stm32f1xx_hal_uart.o
 .debug_abbrev  0x000000000000235a      0x1cd ./Drivers/STM32F1xx_HAL_Driver/Src/stm32f1xx_ll_usb.o
 .debug_abbrev  0x0000000000002527      0x285 ./Middlewares/ST/STM32_USB_Device_Library/Class/MIDI/Src/usbd_midi.o
 .debug_abbrev  0x00000000000027ac      0x236 ./Middlewares/ST/STM32_USB_Device_Library/Core/Src/usbd_core.o
 .debug_abbrev  0x00000000000029e2      0x257 ./Middlewares/ST/STM32_USB_Device_Library/Core/Src/usbd_ctlreq.o
 .debug_abbrev  0x0000000000002c39      0x183 ./Middlewares/ST/STM32_USB_Device_Library/Core/Src/usbd_ioreq.o
 .debug_abbrev  0x0000000000002dbc      0x17a ./USB_DEVICE/App/usb_device.o
 .debug_abbrev  0x0000000000002f36      0x1fa ./USB_DEVICE/App/usbd_desc.o
 .debug_abbrev  0x0000000000003130      0x305 ./USB_DEVICE/Target/usbd_conf.o

.debug_aranges  0x0000000000000000     0x1060
 .debug_aranges
                0x0000000000000000       0x60 ./Core/Src/main.o
 .debug_aranges
                0x0000000000000060       0x50 ./Core/Src/stm32f1xx_hal_msp.o
 .debug_aranges
                0x00000000000000b0       0x68 ./Core/Src/stm32f1xx_it.o
 .debug_aranges
                0x0000000000000118       0x28 ./Core/Src/system_stm32f1xx.o
 .debug_aranges
                0x0000000000000140       0x28 ./Core/Startup/startup_stm32f103c8tx.o
 .debug_aranges
                0x0000000000000168       0x30 ./Drivers/MHC/Potentiometer.o
 .debug_aranges
                0x0000000000000198       0x40 ./Drivers/MHC/RotaryEncoder.o
 .debug_aranges
                0x00000000000001d8       0xe0 ./Drivers/STM32F1xx_HAL_Driver/Src/stm32f1xx_hal.o
 .debug_aranges
                0x00000000000002b8       0xf0 ./Drivers/STM32F1xx_HAL_Driver/Src/stm32f1xx_hal_adc.o
 .debug_aranges
                0x00000000000003a8      0x100 ./Drivers/STM32F1xx_HAL_Driver/Src/stm32f1xx_hal_cortex.o
 .debug_aranges
                0x00000000000004a8       0x58 ./Drivers/STM32F1xx_HAL_Driver/Src/stm32f1xx_hal_gpio.o
 .debug_aranges
                0x0000000000000500      0x2a0 ./Drivers/STM32F1xx_HAL_Driver/Src/stm32f1xx_hal_i2c.o
 .debug_aranges
                0x00000000000007a0      0x138 ./Drivers/STM32F1xx_HAL_Driver/Src/stm32f1xx_hal_pcd.o
 .debug_aranges
                0x00000000000008d8       0x38 ./Drivers/STM32F1xx_HAL_Driver/Src/stm32f1xx_hal_pcd_ex.o
 .debug_aranges
                0x0000000000000910       0x90 ./Drivers/STM32F1xx_HAL_Driver/Src/stm32f1xx_hal_rcc.o
 .debug_aranges
                0x00000000000009a0       0x30 ./Drivers/STM32F1xx_HAL_Driver/Src/stm32f1xx_hal_rcc_ex.o
 .debug_aranges
                0x00000000000009d0      0x200 ./Drivers/STM32F1xx_HAL_Driver/Src/stm32f1xx_hal_uart.o
 .debug_aranges
                0x0000000000000bd0       0xf0 ./Drivers/STM32F1xx_HAL_Driver/Src/stm32f1xx_ll_usb.o
 .debug_aranges
                0x0000000000000cc0       0x78 ./Middlewares/ST/STM32_USB_Device_Library/Class/MIDI/Src/usbd_midi.o
 .debug_aranges
                0x0000000000000d38       0xb8 ./Middlewares/ST/STM32_USB_Device_Library/Core/Src/usbd_core.o
 .debug_aranges
                0x0000000000000df0       0x88 ./Middlewares/ST/STM32_USB_Device_Library/Core/Src/usbd_ctlreq.o
 .debug_aranges
                0x0000000000000e78       0x50 ./Middlewares/ST/STM32_USB_Device_Library/Core/Src/usbd_ioreq.o
 .debug_aranges
                0x0000000000000ec8       0x20 ./USB_DEVICE/App/usb_device.o
 .debug_aranges
                0x0000000000000ee8       0x60 ./USB_DEVICE/App/usbd_desc.o
 .debug_aranges
                0x0000000000000f48      0x118 ./USB_DEVICE/Target/usbd_conf.o

.debug_ranges   0x0000000000000000      0xf30
 .debug_ranges  0x0000000000000000       0x50 ./Core/Src/main.o
 .debug_ranges  0x0000000000000050       0x40 ./Core/Src/stm32f1xx_hal_msp.o
 .debug_ranges  0x0000000000000090       0x58 ./Core/Src/stm32f1xx_it.o
 .debug_ranges  0x00000000000000e8       0x18 ./Core/Src/system_stm32f1xx.o
 .debug_ranges  0x0000000000000100       0x20 ./Core/Startup/startup_stm32f103c8tx.o
 .debug_ranges  0x0000000000000120       0x20 ./Drivers/MHC/Potentiometer.o
 .debug_ranges  0x0000000000000140       0x30 ./Drivers/MHC/RotaryEncoder.o
 .debug_ranges  0x0000000000000170       0xd0 ./Drivers/STM32F1xx_HAL_Driver/Src/stm32f1xx_hal.o
 .debug_ranges  0x0000000000000240       0xe0 ./Drivers/STM32F1xx_HAL_Driver/Src/stm32f1xx_hal_adc.o
 .debug_ranges  0x0000000000000320       0xf0 ./Drivers/STM32F1xx_HAL_Driver/Src/stm32f1xx_hal_cortex.o
 .debug_ranges  0x0000000000000410       0x48 ./Drivers/STM32F1xx_HAL_Driver/Src/stm32f1xx_hal_gpio.o
 .debug_ranges  0x0000000000000458      0x2b8 ./Drivers/STM32F1xx_HAL_Driver/Src/stm32f1xx_hal_i2c.o
 .debug_ranges  0x0000000000000710      0x128 ./Drivers/STM32F1xx_HAL_Driver/Src/stm32f1xx_hal_pcd.o
 .debug_ranges  0x0000000000000838       0x28 ./Drivers/STM32F1xx_HAL_Driver/Src/stm32f1xx_hal_pcd_ex.o
 .debug_ranges  0x0000000000000860       0x80 ./Drivers/STM32F1xx_HAL_Driver/Src/stm32f1xx_hal_rcc.o
 .debug_ranges  0x00000000000008e0       0x20 ./Drivers/STM32F1xx_HAL_Driver/Src/stm32f1xx_hal_rcc_ex.o
 .debug_ranges  0x0000000000000900      0x220 ./Drivers/STM32F1xx_HAL_Driver/Src/stm32f1xx_hal_uart.o
 .debug_ranges  0x0000000000000b20       0xe0 ./Drivers/STM32F1xx_HAL_Driver/Src/stm32f1xx_ll_usb.o
 .debug_ranges  0x0000000000000c00       0x68 ./Middlewares/ST/STM32_USB_Device_Library/Class/MIDI/Src/usbd_midi.o
 .debug_ranges  0x0000000000000c68       0xa8 ./Middlewares/ST/STM32_USB_Device_Library/Core/Src/usbd_core.o
 .debug_ranges  0x0000000000000d10       0x78 ./Middlewares/ST/STM32_USB_Device_Library/Core/Src/usbd_ctlreq.o
 .debug_ranges  0x0000000000000d88       0x40 ./Middlewares/ST/STM32_USB_Device_Library/Core/Src/usbd_ioreq.o
 .debug_ranges  0x0000000000000dc8       0x10 ./USB_DEVICE/App/usb_device.o
 .debug_ranges  0x0000000000000dd8       0x50 ./USB_DEVICE/App/usbd_desc.o
 .debug_ranges  0x0000000000000e28      0x108 ./USB_DEVICE/Target/usbd_conf.o

.debug_macro    0x0000000000000000    0x1cab1
 .debug_macro   0x0000000000000000      0x468 ./Core/Src/main.o
 .debug_macro   0x0000000000000468      0xb44 ./Core/Src/main.o
 .debug_macro   0x0000000000000fac      0x227 ./Core/Src/main.o
 .debug_macro   0x00000000000011d3       0x2e ./Core/Src/main.o
 .debug_macro   0x0000000000001201       0x22 ./Core/Src/main.o
 .debug_macro   0x0000000000001223       0x1c ./Core/Src/main.o
 .debug_macro   0x000000000000123f       0x22 ./Core/Src/main.o
 .debug_macro   0x0000000000001261       0x8e ./Core/Src/main.o
 .debug_macro   0x00000000000012ef       0x51 ./Core/Src/main.o
 .debug_macro   0x0000000000001340      0x103 ./Core/Src/main.o
 .debug_macro   0x0000000000001443       0x6a ./Core/Src/main.o
 .debug_macro   0x00000000000014ad      0x1df ./Core/Src/main.o
 .debug_macro   0x000000000000168c       0x1c ./Core/Src/main.o
 .debug_macro   0x00000000000016a8       0x22 ./Core/Src/main.o
 .debug_macro   0x00000000000016ca       0xbd ./Core/Src/main.o
 .debug_macro   0x0000000000001787      0xd23 ./Core/Src/main.o
 .debug_macro   0x00000000000024aa     0xe09e ./Core/Src/main.o
 .debug_macro   0x0000000000010548       0x6d ./Core/Src/main.o
 .debug_macro   0x00000000000105b5     0x3468 ./Core/Src/main.o
 .debug_macro   0x0000000000013a1d      0x17b ./Core/Src/main.o
 .debug_macro   0x0000000000013b98       0x5c ./Core/Src/main.o
 .debug_macro   0x0000000000013bf4      0x5be ./Core/Src/main.o
 .debug_macro   0x00000000000141b2      0x289 ./Core/Src/main.o
 .debug_macro   0x000000000001443b      0x1cb ./Core/Src/main.o
 .debug_macro   0x0000000000014606      0x114 ./Core/Src/main.o
 .debug_macro   0x000000000001471a      0x1b2 ./Core/Src/main.o
 .debug_macro   0x00000000000148cc       0x27 ./Core/Src/main.o
 .debug_macro   0x00000000000148f3      0x136 ./Core/Src/main.o
 .debug_macro   0x0000000000014a29      0x1bc ./Core/Src/main.o
 .debug_macro   0x0000000000014be5       0x34 ./Core/Src/main.o
 .debug_macro   0x0000000000014c19       0x3c ./Core/Src/main.o
 .debug_macro   0x0000000000014c55       0x57 ./Core/Src/main.o
 .debug_macro   0x0000000000014cac      0x46a ./Core/Src/main.o
 .debug_macro   0x0000000000015116      0x1b5 ./Core/Src/main.o
 .debug_macro   0x00000000000152cb       0x88 ./Core/Src/main.o
 .debug_macro   0x0000000000015353      0x241 ./Core/Src/main.o
 .debug_macro   0x0000000000015594      0x287 ./Core/Src/main.o
 .debug_macro   0x000000000001581b      0x141 ./Core/Src/main.o
 .debug_macro   0x000000000001595c      0x279 ./Core/Src/main.o
 .debug_macro   0x0000000000015bd5       0x65 ./Core/Src/main.o
 .debug_macro   0x0000000000015c3a      0x249 ./Core/Src/main.o
 .debug_macro   0x0000000000015e83       0x83 ./Core/Src/main.o
 .debug_macro   0x0000000000015f06       0x58 ./Core/Src/main.o
 .debug_macro   0x0000000000015f5e       0x52 ./Core/Src/main.o
 .debug_macro   0x0000000000015fb0       0x18 ./Core/Src/main.o
 .debug_macro   0x0000000000015fc8       0x3c ./Core/Src/main.o
 .debug_macro   0x0000000000016004       0x34 ./Core/Src/main.o
 .debug_macro   0x0000000000016038       0x16 ./Core/Src/main.o
 .debug_macro   0x000000000001604e       0x35 ./Core/Src/main.o
 .debug_macro   0x0000000000016083      0x364 ./Core/Src/main.o
 .debug_macro   0x00000000000163e7       0x10 ./Core/Src/main.o
 .debug_macro   0x00000000000163f7       0x16 ./Core/Src/main.o
 .debug_macro   0x000000000001640d       0x43 ./Core/Src/main.o
 .debug_macro   0x0000000000016450       0x34 ./Core/Src/main.o
 .debug_macro   0x0000000000016484       0x10 ./Core/Src/main.o
 .debug_macro   0x0000000000016494       0x58 ./Core/Src/main.o
 .debug_macro   0x00000000000164ec       0x71 ./Core/Src/main.o
 .debug_macro   0x000000000001655d       0x16 ./Core/Src/main.o
 .debug_macro   0x0000000000016573      0x12a ./Core/Src/main.o
 .debug_macro   0x000000000001669d       0x10 ./Core/Src/main.o
 .debug_macro   0x00000000000166ad       0x1c ./Core/Src/main.o
 .debug_macro   0x00000000000166c9       0x52 ./Core/Src/main.o
 .debug_macro   0x000000000001671b       0x22 ./Core/Src/main.o
 .debug_macro   0x000000000001673d       0x10 ./Core/Src/main.o
 .debug_macro   0x000000000001674d       0x52 ./Core/Src/main.o
 .debug_macro   0x000000000001679f       0xd5 ./Core/Src/main.o
 .debug_macro   0x0000000000016874       0x1c ./Core/Src/main.o
 .debug_macro   0x0000000000016890       0x3d ./Core/Src/main.o
 .debug_macro   0x00000000000168cd       0x16 ./Core/Src/main.o
 .debug_macro   0x00000000000168e3      0x137 ./Core/Src/main.o
 .debug_macro   0x0000000000016a1a      0x18a ./Core/Src/main.o
 .debug_macro   0x0000000000016ba4       0x10 ./Core/Src/main.o
 .debug_macro   0x0000000000016bb4      0x3d1 ./Core/Src/main.o
 .debug_macro   0x0000000000016f85       0x10 ./Core/Src/main.o
 .debug_macro   0x0000000000016f95       0x16 ./Core/Src/main.o
 .debug_macro   0x0000000000016fab       0x16 ./Core/Src/main.o
 .debug_macro   0x0000000000016fc1       0x29 ./Core/Src/main.o
 .debug_macro   0x0000000000016fea       0x1c ./Core/Src/main.o
 .debug_macro   0x0000000000017006       0xde ./Core/Src/main.o
 .debug_macro   0x00000000000170e4       0x16 ./Core/Src/main.o
 .debug_macro   0x00000000000170fa       0x20 ./Core/Src/main.o
 .debug_macro   0x000000000001711a       0x5f ./Core/Src/main.o
 .debug_macro   0x0000000000017179      0x1c8 ./Core/Src/main.o
 .debug_macro   0x0000000000017341      0x1e1 ./Core/Src/main.o
 .debug_macro   0x0000000000017522      0x1df ./Core/Src/stm32f1xx_hal_msp.o
 .debug_macro   0x0000000000017701      0xa6c ./Core/Src/stm32f1xx_hal_msp.o
 .debug_macro   0x000000000001816d      0xd23 ./Core/Src/stm32f1xx_hal_msp.o
 .debug_macro   0x0000000000018e90      0x174 ./Core/Src/stm32f1xx_hal_msp.o
 .debug_macro   0x0000000000019004      0x1e9 ./Core/Src/stm32f1xx_it.o
 .debug_macro   0x00000000000191ed      0x1d0 ./Core/Src/system_stm32f1xx.o
 .debug_macro   0x00000000000193bd      0x1df ./Drivers/MHC/Potentiometer.o
 .debug_macro   0x000000000001959c      0x1df ./Drivers/MHC/RotaryEncoder.o
 .debug_macro   0x000000000001977b      0x1f4 ./Drivers/STM32F1xx_HAL_Driver/Src/stm32f1xx_hal.o
 .debug_macro   0x000000000001996f      0x1ed ./Drivers/STM32F1xx_HAL_Driver/Src/stm32f1xx_hal_adc.o
 .debug_macro   0x0000000000019b5c      0x1d0 ./Drivers/STM32F1xx_HAL_Driver/Src/stm32f1xx_hal_cortex.o
 .debug_macro   0x0000000000019d2c      0x23b ./Drivers/STM32F1xx_HAL_Driver/Src/stm32f1xx_hal_gpio.o
 .debug_macro   0x0000000000019f67      0x217 ./Drivers/STM32F1xx_HAL_Driver/Src/stm32f1xx_hal_i2c.o
 .debug_macro   0x000000000001a17e      0x1dc ./Drivers/STM32F1xx_HAL_Driver/Src/stm32f1xx_hal_pcd.o
 .debug_macro   0x000000000001a35a      0x1d0 ./Drivers/STM32F1xx_HAL_Driver/Src/stm32f1xx_hal_pcd_ex.o
 .debug_macro   0x000000000001a52a      0x1e2 ./Drivers/STM32F1xx_HAL_Driver/Src/stm32f1xx_hal_rcc.o
 .debug_macro   0x000000000001a70c      0x1d0 ./Drivers/STM32F1xx_HAL_Driver/Src/stm32f1xx_hal_rcc_ex.o
 .debug_macro   0x000000000001a8dc      0x1d1 ./Drivers/STM32F1xx_HAL_Driver/Src/stm32f1xx_hal_uart.o
 .debug_macro   0x000000000001aaad      0x1d0 ./Drivers/STM32F1xx_HAL_Driver/Src/stm32f1xx_ll_usb.o
 .debug_macro   0x000000000001ac7d      0x408 ./Middlewares/ST/STM32_USB_Device_Library/Class/MIDI/Src/usbd_midi.o
 .debug_macro   0x000000000001b085       0x1c ./Middlewares/ST/STM32_USB_Device_Library/Class/MIDI/Src/usbd_midi.o
 .debug_macro   0x000000000001b0a1      0x3dc ./Middlewares/ST/STM32_USB_Device_Library/Core/Src/usbd_core.o
 .debug_macro   0x000000000001b47d      0x1ce ./Middlewares/ST/STM32_USB_Device_Library/Core/Src/usbd_core.o
 .debug_macro   0x000000000001b64b      0x3e6 ./Middlewares/ST/STM32_USB_Device_Library/Core/Src/usbd_ctlreq.o
 .debug_macro   0x000000000001ba31      0x3e2 ./Middlewares/ST/STM32_USB_Device_Library/Core/Src/usbd_ioreq.o
 .debug_macro   0x000000000001be13      0x40c ./USB_DEVICE/App/usb_device.o
 .debug_macro   0x000000000001c21f       0x5e ./USB_DEVICE/App/usb_device.o
 .debug_macro   0x000000000001c27d       0x22 ./USB_DEVICE/App/usb_device.o
 .debug_macro   0x000000000001c29f      0x419 ./USB_DEVICE/App/usbd_desc.o
 .debug_macro   0x000000000001c6b8      0x3f9 ./USB_DEVICE/Target/usbd_conf.o

.debug_line     0x0000000000000000    0x156c6
 .debug_line    0x0000000000000000      0xf86 ./Core/Src/main.o
 .debug_line    0x0000000000000f86      0x7e0 ./Core/Src/stm32f1xx_hal_msp.o
 .debug_line    0x0000000000001766      0x7d6 ./Core/Src/stm32f1xx_it.o
 .debug_line    0x0000000000001f3c      0x77a ./Core/Src/system_stm32f1xx.o
 .debug_line    0x00000000000026b6       0x87 ./Core/Startup/startup_stm32f103c8tx.o
 .debug_line    0x000000000000273d      0x79e ./Drivers/MHC/Potentiometer.o
 .debug_line    0x0000000000002edb      0x7d9 ./Drivers/MHC/RotaryEncoder.o
 .debug_line    0x00000000000036b4      0x9a7 ./Drivers/STM32F1xx_HAL_Driver/Src/stm32f1xx_hal.o
 .debug_line    0x000000000000405b     0x101e ./Drivers/STM32F1xx_HAL_Driver/Src/stm32f1xx_hal_adc.o
 .debug_line    0x0000000000005079      0xb8f ./Drivers/STM32F1xx_HAL_Driver/Src/stm32f1xx_hal_cortex.o
 .debug_line    0x0000000000005c08      0xa3e ./Drivers/STM32F1xx_HAL_Driver/Src/stm32f1xx_hal_gpio.o
 .debug_line    0x0000000000006646     0x3a91 ./Drivers/STM32F1xx_HAL_Driver/Src/stm32f1xx_hal_i2c.o
 .debug_line    0x000000000000a0d7     0x1395 ./Drivers/STM32F1xx_HAL_Driver/Src/stm32f1xx_hal_pcd.o
 .debug_line    0x000000000000b46c      0x775 ./Drivers/STM32F1xx_HAL_Driver/Src/stm32f1xx_hal_pcd_ex.o
 .debug_line    0x000000000000bbe1      0xdb5 ./Drivers/STM32F1xx_HAL_Driver/Src/stm32f1xx_hal_rcc.o
 .debug_line    0x000000000000c996      0x8f3 ./Drivers/STM32F1xx_HAL_Driver/Src/stm32f1xx_hal_rcc_ex.o
 .debug_line    0x000000000000d289     0x1a82 ./Drivers/STM32F1xx_HAL_Driver/Src/stm32f1xx_hal_uart.o
 .debug_line    0x000000000000ed0b     0x10da ./Drivers/STM32F1xx_HAL_Driver/Src/stm32f1xx_ll_usb.o
 .debug_line    0x000000000000fde5      0xc30 ./Middlewares/ST/STM32_USB_Device_Library/Class/MIDI/Src/usbd_midi.o
 .debug_line    0x0000000000010a15      0xe11 ./Middlewares/ST/STM32_USB_Device_Library/Core/Src/usbd_core.o
 .debug_line    0x0000000000011826     0x1033 ./Middlewares/ST/STM32_USB_Device_Library/Core/Src/usbd_ctlreq.o
 .debug_line    0x0000000000012859      0xaa7 ./Middlewares/ST/STM32_USB_Device_Library/Core/Src/usbd_ioreq.o
 .debug_line    0x0000000000013300      0xa4e ./USB_DEVICE/App/usb_device.o
 .debug_line    0x0000000000013d4e      0xb30 ./USB_DEVICE/App/usbd_desc.o
 .debug_line    0x000000000001487e      0xe48 ./USB_DEVICE/Target/usbd_conf.o

.debug_str      0x0000000000000000    0x90a83
 .debug_str     0x0000000000000000    0x8ccaf ./Core/Src/main.o
                                      0x8d47a (size before relaxing)
 .debug_str     0x000000000008ccaf      0x2b3 ./Core/Src/stm32f1xx_hal_msp.o
                                      0x85bee (size before relaxing)
 .debug_str     0x000000000008cf62      0x3bd ./Core/Src/stm32f1xx_it.o
                                      0x85779 (size before relaxing)
 .debug_str     0x000000000008d31f       0x7e ./Core/Src/system_stm32f1xx.o
                                      0x8529b (size before relaxing)
 .debug_str     0x000000000008d39d       0x36 ./Core/Startup/startup_stm32f103c8tx.o
                                         0x8c (size before relaxing)
 .debug_str     0x000000000008d3d3       0xb3 ./Drivers/MHC/Potentiometer.o
                                      0x85c61 (size before relaxing)
 .debug_str     0x000000000008d486       0x8c ./Drivers/MHC/RotaryEncoder.o
                                      0x858fd (size before relaxing)
 .debug_str     0x000000000008d512      0x5a3 ./Drivers/STM32F1xx_HAL_Driver/Src/stm32f1xx_hal.o
                                      0x859ce (size before relaxing)
 .debug_str     0x000000000008dab5      0x34a ./Drivers/STM32F1xx_HAL_Driver/Src/stm32f1xx_hal_adc.o
                                      0x85978 (size before relaxing)
 .debug_str     0x000000000008ddff      0x28a ./Drivers/STM32F1xx_HAL_Driver/Src/stm32f1xx_hal_cortex.o
                                      0x8591a (size before relaxing)
 .debug_str     0x000000000008e089      0x2e7 ./Drivers/STM32F1xx_HAL_Driver/Src/stm32f1xx_hal_gpio.o
                                      0x85621 (size before relaxing)
 .debug_str     0x000000000008e370      0xb49 ./Drivers/STM32F1xx_HAL_Driver/Src/stm32f1xx_hal_i2c.o
                                      0x8630f (size before relaxing)
 .debug_str     0x000000000008eeb9      0x573 ./Drivers/STM32F1xx_HAL_Driver/Src/stm32f1xx_hal_pcd.o
                                      0x85b73 (size before relaxing)
 .debug_str     0x000000000008f42c      0x170 ./Drivers/STM32F1xx_HAL_Driver/Src/stm32f1xx_hal_pcd_ex.o
                                      0x8570f (size before relaxing)
 .debug_str     0x000000000008f59c      0x209 ./Drivers/STM32F1xx_HAL_Driver/Src/stm32f1xx_hal_rcc.o
                                      0x856ca (size before relaxing)
 .debug_str     0x000000000008f7a5       0x84 ./Drivers/STM32F1xx_HAL_Driver/Src/stm32f1xx_hal_rcc_ex.o
                                      0x8541a (size before relaxing)
 .debug_str     0x000000000008f829      0x5e7 ./Drivers/STM32F1xx_HAL_Driver/Src/stm32f1xx_hal_uart.o
                                      0x85cd5 (size before relaxing)
 .debug_str     0x000000000008fe10      0x11d ./Drivers/STM32F1xx_HAL_Driver/Src/stm32f1xx_ll_usb.o
                                      0x85742 (size before relaxing)
 .debug_str     0x000000000008ff2d      0x455 ./Middlewares/ST/STM32_USB_Device_Library/Class/MIDI/Src/usbd_midi.o
                                      0x8a8f6 (size before relaxing)
 .debug_str     0x0000000000090382      0x281 ./Middlewares/ST/STM32_USB_Device_Library/Core/Src/usbd_core.o
                                      0x8a222 (size before relaxing)
 .debug_str     0x0000000000090603      0x11b ./Middlewares/ST/STM32_USB_Device_Library/Core/Src/usbd_ctlreq.o
                                      0x8a13c (size before relaxing)
 .debug_str     0x000000000009071e       0x79 ./Middlewares/ST/STM32_USB_Device_Library/Core/Src/usbd_ioreq.o
                                      0x8a069 (size before relaxing)
 .debug_str     0x0000000000090797       0x27 ./USB_DEVICE/App/usb_device.o
                                      0x8a6c2 (size before relaxing)
 .debug_str     0x00000000000907be      0x258 ./USB_DEVICE/App/usbd_desc.o
                                      0x89fa5 (size before relaxing)
 .debug_str     0x0000000000090a16       0x6d ./USB_DEVICE/Target/usbd_conf.o
                                      0x8b1f4 (size before relaxing)

.comment        0x0000000000000000       0x50
 .comment       0x0000000000000000       0x50 ./Core/Src/main.o
                                         0x51 (size before relaxing)
 .comment       0x0000000000000050       0x51 ./Core/Src/stm32f1xx_hal_msp.o
 .comment       0x0000000000000050       0x51 ./Core/Src/stm32f1xx_it.o
 .comment       0x0000000000000050       0x51 ./Core/Src/system_stm32f1xx.o
 .comment       0x0000000000000050       0x51 ./Drivers/MHC/Potentiometer.o
 .comment       0x0000000000000050       0x51 ./Drivers/MHC/RotaryEncoder.o
 .comment       0x0000000000000050       0x51 ./Drivers/STM32F1xx_HAL_Driver/Src/stm32f1xx_hal.o
 .comment       0x0000000000000050       0x51 ./Drivers/STM32F1xx_HAL_Driver/Src/stm32f1xx_hal_adc.o
 .comment       0x0000000000000050       0x51 ./Drivers/STM32F1xx_HAL_Driver/Src/stm32f1xx_hal_cortex.o
 .comment       0x0000000000000050       0x51 ./Drivers/STM32F1xx_HAL_Driver/Src/stm32f1xx_hal_gpio.o
 .comment       0x0000000000000050       0x51 ./Drivers/STM32F1xx_HAL_Driver/Src/stm32f1xx_hal_i2c.o
 .comment       0x0000000000000050       0x51 ./Drivers/STM32F1xx_HAL_Driver/Src/stm32f1xx_hal_pcd.o
 .comment       0x0000000000000050       0x51 ./Drivers/STM32F1xx_HAL_Driver/Src/stm32f1xx_hal_pcd_ex.o
 .comment       0x0000000000000050       0x51 ./Drivers/STM32F1xx_HAL_Driver/Src/stm32f1xx_hal_rcc.o
 .comment       0x0000000000000050       0x51 ./Drivers/STM32F1xx_HAL_Driver/Src/stm32f1xx_hal_rcc_ex.o
 .comment       0x0000000000000050       0x51 ./Drivers/STM32F1xx_HAL_Driver/Src/stm32f1xx_hal_uart.o
 .comment       0x0000000000000050       0x51 ./Drivers/STM32F1xx_HAL_Driver/Src/stm32f1xx_ll_usb.o
 .comment       0x0000000000000050       0x51 ./Middlewares/ST/STM32_USB_Device_Library/Class/MIDI/Src/usbd_midi.o
 .comment       0x0000000000000050       0x51 ./Middlewares/ST/STM32_USB_Device_Library/Core/Src/usbd_core.o
 .comment       0x0000000000000050       0x51 ./Middlewares/ST/STM32_USB_Device_Library/Core/Src/usbd_ctlreq.o
 .comment       0x0000000000000050       0x51 ./Middlewares/ST/STM32_USB_Device_Library/Core/Src/usbd_ioreq.o
 .comment       0x0000000000000050       0x51 ./USB_DEVICE/App/usb_device.o
 .comment       0x0000000000000050       0x51 ./USB_DEVICE/App/usbd_desc.o
 .comment       0x0000000000000050       0x51 ./USB_DEVICE/Target/usbd_conf.o

.debug_frame    0x0000000000000000     0x42bc
 .debug_frame   0x0000000000000000      0x12c ./Core/Src/main.o
 .debug_frame   0x000000000000012c      0x110 ./Core/Src/stm32f1xx_hal_msp.o
 .debug_frame   0x000000000000023c      0x120 ./Core/Src/stm32f1xx_it.o
 .debug_frame   0x000000000000035c       0x58 ./Core/Src/system_stm32f1xx.o
 .debug_frame   0x00000000000003b4       0x80 ./Drivers/MHC/Potentiometer.o
 .debug_frame   0x0000000000000434       0xd0 ./Drivers/MHC/RotaryEncoder.o
 .debug_frame   0x0000000000000504      0x334 ./Drivers/STM32F1xx_HAL_Driver/Src/stm32f1xx_hal.o
 .debug_frame   0x0000000000000838      0x40c ./Drivers/STM32F1xx_HAL_Driver/Src/stm32f1xx_hal_adc.o
 .debug_frame   0x0000000000000c44      0x428 ./Drivers/STM32F1xx_HAL_Driver/Src/stm32f1xx_hal_cortex.o
 .debug_frame   0x000000000000106c      0x14c ./Drivers/STM32F1xx_HAL_Driver/Src/stm32f1xx_hal_gpio.o
 .debug_frame   0x00000000000011b8      0xc5c ./Drivers/STM32F1xx_HAL_Driver/Src/stm32f1xx_hal_i2c.o
 .debug_frame   0x0000000000001e14      0x578 ./Drivers/STM32F1xx_HAL_Driver/Src/stm32f1xx_hal_pcd.o
 .debug_frame   0x000000000000238c       0xb0 ./Drivers/STM32F1xx_HAL_Driver/Src/stm32f1xx_hal_pcd_ex.o
 .debug_frame   0x000000000000243c      0x21c ./Drivers/STM32F1xx_HAL_Driver/Src/stm32f1xx_hal_rcc.o
 .debug_frame   0x0000000000002658       0x84 ./Drivers/STM32F1xx_HAL_Driver/Src/stm32f1xx_hal_rcc_ex.o
 .debug_frame   0x00000000000026dc      0x914 ./Drivers/STM32F1xx_HAL_Driver/Src/stm32f1xx_hal_uart.o
 .debug_frame   0x0000000000002ff0      0x450 ./Drivers/STM32F1xx_HAL_Driver/Src/stm32f1xx_ll_usb.o
 .debug_frame   0x0000000000003440      0x1dc ./Middlewares/ST/STM32_USB_Device_Library/Class/MIDI/Src/usbd_midi.o
 .debug_frame   0x000000000000361c      0x300 ./Middlewares/ST/STM32_USB_Device_Library/Core/Src/usbd_core.o
 .debug_frame   0x000000000000391c      0x218 ./Middlewares/ST/STM32_USB_Device_Library/Core/Src/usbd_ctlreq.o
 .debug_frame   0x0000000000003b34      0x10c ./Middlewares/ST/STM32_USB_Device_Library/Core/Src/usbd_ioreq.o
 .debug_frame   0x0000000000003c40       0x2c ./USB_DEVICE/App/usb_device.o
 .debug_frame   0x0000000000003c6c      0x160 ./USB_DEVICE/App/usbd_desc.o
 .debug_frame   0x0000000000003dcc      0x4a4 ./USB_DEVICE/Target/usbd_conf.o
 .debug_frame   0x0000000000004270       0x2c /Applications/STM32CubeIDE.app/Contents/Eclipse/plugins/com.st.stm32cube.ide.mcu.externaltools.gnu-tools-for-stm32.10.3-2021.10.macos64_1.0.0.202111181127/tools/bin/../lib/gcc/arm-none-eabi/10.3.1/../../../../arm-none-eabi/lib/thumb/v7-m/nofp/libc_nano.a(lib_a-init.o)
 .debug_frame   0x000000000000429c       0x20 /Applications/STM32CubeIDE.app/Contents/Eclipse/plugins/com.st.stm32cube.ide.mcu.externaltools.gnu-tools-for-stm32.10.3-2021.10.macos64_1.0.0.202111181127/tools/bin/../lib/gcc/arm-none-eabi/10.3.1/../../../../arm-none-eabi/lib/thumb/v7-m/nofp/libc_nano.a(lib_a-memset.o)
