../Core/Src/main.cpp:80:5:int main()	32	static
../Core/Src/main.cpp:162:6:void SystemClock_Config()	88	static
../Core/Src/main.cpp:210:13:void MX_ADC1_Init()	24	static
../Core/Src/main.cpp:257:13:void MX_I2C1_Init()	8	static
../Core/Src/main.cpp:291:13:void MX_USART1_UART_Init()	8	static
../Core/Src/main.cpp:324:13:void MX_GPIO_Init()	40	static
../Core/Src/main.cpp:357:6:void Error_Handler()	4	static,ignoring_inline_asm
../Core/Src/main.cpp:366:1:void __static_initialization_and_destruction_0(int, int)	32	static
../Core/Src/main.cpp:366:1:cpp)	8	static
