../Core/Src/main.cpp:75:5:int main()	24	static
../Core/Src/main.cpp:138:6:void SystemClock_Config()	88	static
../Core/Src/main.cpp:186:13:void MX_ADC1_Init()	24	static
../Core/Src/main.cpp:233:13:void MX_I2C1_Init()	8	static
../Core/Src/main.cpp:267:13:void MX_USART1_UART_Init()	8	static
../Core/Src/main.cpp:300:13:void MX_GPIO_Init()	40	static
../Core/Src/main.cpp:333:6:void Error_Handler()	4	static,ignoring_inline_asm
../Core/Src/main.cpp:342:1:void __static_initialization_and_destruction_0(int, int)	24	static
../Core/Src/main.cpp:342:1:cpp)	8	static
